===== TRAIN seg100 Tue Jun 16 10:53:16     2026 =====
C:\Users\CorneAI\Eyelid_HITL_experiment\.venv\Lib\site-packages\transformers\image_processing_base.py:417: UserWarning: The following named arguments are not valid for `SegformerImageProcessor.__init__` and were ignored: 'feature_extractor_type', 'reduce_labels'
  image_processor = cls(**image_processor_dict)
[subset 100] images=100 train=80 val=20 subjects=9 (val 1) device=cuda
Some weights of SegformerForSemanticSegmentation were not initialized from the model checkpoint at nvidia/segformer-b1-finetuned-ade-512-512 and are newly initialized because the shapes did not match:
- decode_head.classifier.weight: found shape torch.Size([150, 256, 1, 1]) in the checkpoint and torch.Size([3, 256, 1, 1]) in the model instantiated
- decode_head.classifier.bias: found shape torch.Size([150]) in the checkpoint and torch.Size([3]) in the model instantiated
You should probably TRAIN this model on a down-stream task to be able to use it for predictions and inference.
  ep  1 D_eyelid=0.432 D_iris=0.389 D_pupil=0.092 D_mean=0.304 *SAVED* [0.2m]
  ep  2 D_eyelid=0.567 D_iris=0.545 D_pupil=0.119 D_mean=0.410 *SAVED* [0.3m]
  ep  3 D_eyelid=0.592 D_iris=0.580 D_pupil=0.125 D_mean=0.432 *SAVED* [0.4m]
  ep  4 D_eyelid=0.607 D_iris=0.608 D_pupil=0.127 D_mean=0.447 *SAVED* [0.6m]
  ep  5 D_eyelid=0.656 D_iris=0.650 D_pupil=0.146 D_mean=0.484 *SAVED* [0.7m]
  ep  6 D_eyelid=0.685 D_iris=0.671 D_pupil=0.162 D_mean=0.506 *SAVED* [0.8m]
  ep  7 D_eyelid=0.628 D_iris=0.621 D_pupil=0.148 D_mean=0.466 p=1/20 [0.9m]
  ep  8 D_eyelid=0.578 D_iris=0.597 D_pupil=0.157 D_mean=0.444 p=2/20 [1.0m]
  ep  9 D_eyelid=0.588 D_iris=0.624 D_pupil=0.184 D_mean=0.466 p=3/20 [1.1m]
  ep 10 D_eyelid=0.635 D_iris=0.639 D_pupil=0.214 D_mean=0.496 p=4/20 [1.2m]
  ep 11 D_eyelid=0.748 D_iris=0.744 D_pupil=0.365 D_mean=0.619 *SAVED* [1.3m]
  ep 12 D_eyelid=0.716 D_iris=0.744 D_pupil=0.414 D_mean=0.625 *SAVED* [1.4m]
  ep 13 D_eyelid=0.731 D_iris=0.741 D_pupil=0.535 D_mean=0.669 *SAVED* [1.5m]
  ep 14 D_eyelid=0.718 D_iris=0.741 D_pupil=0.625 D_mean=0.695 *SAVED* [1.6m]
  ep 15 D_eyelid=0.621 D_iris=0.664 D_pupil=0.339 D_mean=0.541 p=1/20 [1.7m]
  ep 16 D_eyelid=0.721 D_iris=0.735 D_pupil=0.532 D_mean=0.663 p=2/20 [1.8m]
  ep 17 D_eyelid=0.708 D_iris=0.737 D_pupil=0.536 D_mean=0.660 p=3/20 [1.9m]
  ep 18 D_eyelid=0.720 D_iris=0.738 D_pupil=0.610 D_mean=0.689 p=4/20 [2.0m]
  ep 19 D_eyelid=0.743 D_iris=0.820 D_pupil=0.689 D_mean=0.750 *SAVED* [2.2m]
  ep 20 D_eyelid=0.738 D_iris=0.832 D_pupil=0.669 D_mean=0.746 p=1/20 [2.3m]
  ep 21 D_eyelid=0.721 D_iris=0.825 D_pupil=0.700 D_mean=0.749 p=2/20 [2.4m]
  ep 22 D_eyelid=0.737 D_iris=0.859 D_pupil=0.723 D_mean=0.773 *SAVED* [2.5m]
  ep 23 D_eyelid=0.725 D_iris=0.837 D_pupil=0.760 D_mean=0.774 *SAVED* [2.6m]
  ep 24 D_eyelid=0.704 D_iris=0.856 D_pupil=0.663 D_mean=0.741 p=1/20 [2.7m]
  ep 25 D_eyelid=0.741 D_iris=0.900 D_pupil=0.806 D_mean=0.816 *SAVED* [2.8m]
  ep 26 D_eyelid=0.747 D_iris=0.893 D_pupil=0.814 D_mean=0.818 *SAVED* [2.9m]
  ep 27 D_eyelid=0.732 D_iris=0.888 D_pupil=0.785 D_mean=0.802 p=1/20 [3.0m]
  ep 28 D_eyelid=0.709 D_iris=0.785 D_pupil=0.668 D_mean=0.721 p=2/20 [3.2m]
  ep 29 D_eyelid=0.778 D_iris=0.849 D_pupil=0.803 D_mean=0.810 p=3/20 [3.3m]
  ep 30 D_eyelid=0.769 D_iris=0.853 D_pupil=0.749 D_mean=0.790 p=4/20 [3.4m]
  ep 31 D_eyelid=0.745 D_iris=0.903 D_pupil=0.771 D_mean=0.807 p=5/20 [3.5m]
  ep 32 D_eyelid=0.765 D_iris=0.902 D_pupil=0.771 D_mean=0.813 p=6/20 [3.6m]
  ep 33 D_eyelid=0.762 D_iris=0.891 D_pupil=0.812 D_mean=0.822 *SAVED* [3.7m]
  ep 34 D_eyelid=0.729 D_iris=0.888 D_pupil=0.767 D_mean=0.795 p=1/20 [3.8m]
  ep 35 D_eyelid=0.782 D_iris=0.906 D_pupil=0.832 D_mean=0.840 *SAVED* [3.9m]
  ep 36 D_eyelid=0.778 D_iris=0.901 D_pupil=0.830 D_mean=0.836 p=1/20 [4.0m]
  ep 37 D_eyelid=0.778 D_iris=0.901 D_pupil=0.810 D_mean=0.829 p=2/20 [4.1m]
  ep 38 D_eyelid=0.737 D_iris=0.870 D_pupil=0.751 D_mean=0.786 p=3/20 [4.3m]
  ep 39 D_eyelid=0.783 D_iris=0.913 D_pupil=0.794 D_mean=0.830 p=4/20 [4.4m]
  ep 40 D_eyelid=0.784 D_iris=0.917 D_pupil=0.843 D_mean=0.848 *SAVED* [4.5m]
  ep 41 D_eyelid=0.799 D_iris=0.915 D_pupil=0.831 D_mean=0.848 *SAVED* [4.6m]
  ep 42 D_eyelid=0.798 D_iris=0.916 D_pupil=0.855 D_mean=0.856 *SAVED* [4.7m]
  ep 43 D_eyelid=0.777 D_iris=0.915 D_pupil=0.842 D_mean=0.845 p=1/20 [4.8m]
  ep 44 D_eyelid=0.783 D_iris=0.913 D_pupil=0.826 D_mean=0.841 p=2/20 [4.9m]
  ep 45 D_eyelid=0.766 D_iris=0.911 D_pupil=0.852 D_mean=0.843 p=3/20 [5.0m]
  ep 46 D_eyelid=0.814 D_iris=0.920 D_pupil=0.849 D_mean=0.861 *SAVED* [5.2m]
  ep 47 D_eyelid=0.746 D_iris=0.914 D_pupil=0.867 D_mean=0.842 p=1/20 [5.3m]
  ep 48 D_eyelid=0.811 D_iris=0.912 D_pupil=0.844 D_mean=0.856 p=2/20 [5.4m]
  ep 49 D_eyelid=0.784 D_iris=0.914 D_pupil=0.863 D_mean=0.854 p=3/20 [5.5m]
  ep 50 D_eyelid=0.784 D_iris=0.918 D_pupil=0.867 D_mean=0.856 p=4/20 [5.6m]
  ep 51 D_eyelid=0.780 D_iris=0.901 D_pupil=0.824 D_mean=0.835 p=5/20 [5.7m]
  ep 52 D_eyelid=0.780 D_iris=0.912 D_pupil=0.840 D_mean=0.844 p=6/20 [5.8m]
  ep 53 D_eyelid=0.782 D_iris=0.911 D_pupil=0.845 D_mean=0.846 p=7/20 [6.0m]
  ep 54 D_eyelid=0.780 D_iris=0.924 D_pupil=0.867 D_mean=0.857 p=8/20 [6.1m]
  ep 55 D_eyelid=0.783 D_iris=0.922 D_pupil=0.862 D_mean=0.855 p=9/20 [6.2m]
  ep 56 D_eyelid=0.810 D_iris=0.922 D_pupil=0.854 D_mean=0.862 *SAVED* [6.3m]
  ep 57 D_eyelid=0.764 D_iris=0.926 D_pupil=0.855 D_mean=0.848 p=1/20 [6.4m]
  ep 58 D_eyelid=0.809 D_iris=0.922 D_pupil=0.871 D_mean=0.868 *SAVED* [6.5m]
  ep 59 D_eyelid=0.811 D_iris=0.922 D_pupil=0.851 D_mean=0.861 p=1/20 [6.6m]
  ep 60 D_eyelid=0.787 D_iris=0.926 D_pupil=0.876 D_mean=0.863 p=2/20 [6.7m]
  ep 61 D_eyelid=0.810 D_iris=0.909 D_pupil=0.871 D_mean=0.863 p=3/20 [6.8m]
  ep 62 D_eyelid=0.829 D_iris=0.915 D_pupil=0.865 D_mean=0.869 *SAVED* [7.0m]
  ep 63 D_eyelid=0.804 D_iris=0.921 D_pupil=0.877 D_mean=0.867 p=1/20 [7.1m]
  ep 64 D_eyelid=0.817 D_iris=0.923 D_pupil=0.875 D_mean=0.872 *SAVED* [7.2m]
  ep 65 D_eyelid=0.843 D_iris=0.922 D_pupil=0.860 D_mean=0.875 *SAVED* [7.3m]
  ep 66 D_eyelid=0.796 D_iris=0.923 D_pupil=0.875 D_mean=0.865 p=1/20 [7.4m]
  ep 67 D_eyelid=0.800 D_iris=0.930 D_pupil=0.874 D_mean=0.868 p=2/20 [7.5m]
  ep 68 D_eyelid=0.830 D_iris=0.927 D_pupil=0.875 D_mean=0.877 *SAVED* [7.6m]
  ep 69 D_eyelid=0.816 D_iris=0.931 D_pupil=0.878 D_mean=0.875 p=1/20 [7.7m]
  ep 70 D_eyelid=0.823 D_iris=0.929 D_pupil=0.884 D_mean=0.879 *SAVED* [7.8m]
  ep 71 D_eyelid=0.835 D_iris=0.926 D_pupil=0.875 D_mean=0.879 *SAVED* [8.0m]
  ep 72 D_eyelid=0.843 D_iris=0.928 D_pupil=0.885 D_mean=0.885 *SAVED* [8.1m]
  ep 73 D_eyelid=0.847 D_iris=0.925 D_pupil=0.873 D_mean=0.882 p=1/20 [8.2m]
  ep 74 D_eyelid=0.831 D_iris=0.926 D_pupil=0.887 D_mean=0.882 p=2/20 [8.3m]
  ep 75 D_eyelid=0.851 D_iris=0.921 D_pupil=0.886 D_mean=0.886 *SAVED* [8.4m]
  ep 76 D_eyelid=0.850 D_iris=0.923 D_pupil=0.897 D_mean=0.890 *SAVED* [8.5m]
  ep 77 D_eyelid=0.826 D_iris=0.931 D_pupil=0.867 D_mean=0.874 p=1/20 [8.5m]
  ep 78 D_eyelid=0.836 D_iris=0.930 D_pupil=0.875 D_mean=0.880 p=2/20 [8.7m]
  ep 79 D_eyelid=0.837 D_iris=0.932 D_pupil=0.874 D_mean=0.881 p=3/20 [8.8m]
  ep 80 D_eyelid=0.835 D_iris=0.932 D_pupil=0.868 D_mean=0.878 p=4/20 [8.9m]
  ep 81 D_eyelid=0.843 D_iris=0.934 D_pupil=0.894 D_mean=0.890 *SAVED* [9.0m]
  ep 82 D_eyelid=0.842 D_iris=0.922 D_pupil=0.905 D_mean=0.890 p=1/20 [9.1m]
  ep 83 D_eyelid=0.806 D_iris=0.929 D_pupil=0.861 D_mean=0.865 p=2/20 [9.2m]
  ep 84 D_eyelid=0.839 D_iris=0.918 D_pupil=0.897 D_mean=0.884 p=3/20 [9.3m]
  ep 85 D_eyelid=0.869 D_iris=0.918 D_pupil=0.900 D_mean=0.896 *SAVED* [9.4m]
  ep 86 D_eyelid=0.843 D_iris=0.926 D_pupil=0.896 D_mean=0.888 p=1/20 [9.5m]
  ep 87 D_eyelid=0.839 D_iris=0.924 D_pupil=0.903 D_mean=0.889 p=2/20 [9.6m]
  ep 88 D_eyelid=0.858 D_iris=0.926 D_pupil=0.902 D_mean=0.895 p=3/20 [9.7m]
  ep 89 D_eyelid=0.868 D_iris=0.929 D_pupil=0.905 D_mean=0.901 *SAVED* [9.8m]
  ep 90 D_eyelid=0.857 D_iris=0.934 D_pupil=0.894 D_mean=0.895 p=1/20 [10.0m]
  ep 91 D_eyelid=0.866 D_iris=0.933 D_pupil=0.901 D_mean=0.900 p=2/20 [10.1m]
  ep 92 D_eyelid=0.865 D_iris=0.933 D_pupil=0.885 D_mean=0.894 p=3/20 [10.2m]
  ep 93 D_eyelid=0.858 D_iris=0.924 D_pupil=0.900 D_mean=0.894 p=4/20 [10.3m]
  ep 94 D_eyelid=0.855 D_iris=0.930 D_pupil=0.892 D_mean=0.892 p=5/20 [10.4m]
  ep 95 D_eyelid=0.874 D_iris=0.921 D_pupil=0.905 D_mean=0.900 p=6/20 [10.5m]
  ep 96 D_eyelid=0.848 D_iris=0.934 D_pupil=0.882 D_mean=0.888 p=7/20 [10.6m]
  ep 97 D_eyelid=0.867 D_iris=0.927 D_pupil=0.908 D_mean=0.901 p=8/20 [10.7m]
  ep 98 D_eyelid=0.864 D_iris=0.937 D_pupil=0.903 D_mean=0.902 *SAVED* [10.9m]
  ep 99 D_eyelid=0.882 D_iris=0.931 D_pupil=0.898 D_mean=0.904 *SAVED* [11.0m]
  ep100 D_eyelid=0.863 D_iris=0.939 D_pupil=0.895 D_mean=0.899 p=1/20 [11.1m]
  ep101 D_eyelid=0.871 D_iris=0.926 D_pupil=0.908 D_mean=0.902 p=2/20 [11.2m]
  ep102 D_eyelid=0.876 D_iris=0.936 D_pupil=0.890 D_mean=0.901 p=3/20 [11.3m]
  ep103 D_eyelid=0.876 D_iris=0.931 D_pupil=0.912 D_mean=0.906 *SAVED* [11.4m]
  ep104 D_eyelid=0.869 D_iris=0.939 D_pupil=0.900 D_mean=0.903 p=1/20 [11.5m]
  ep105 D_eyelid=0.876 D_iris=0.931 D_pupil=0.912 D_mean=0.906 p=2/20 [11.6m]
  ep106 D_eyelid=0.884 D_iris=0.934 D_pupil=0.898 D_mean=0.905 p=3/20 [11.7m]
  ep107 D_eyelid=0.850 D_iris=0.934 D_pupil=0.900 D_mean=0.895 p=4/20 [11.8m]
  ep108 D_eyelid=0.884 D_iris=0.928 D_pupil=0.905 D_mean=0.906 p=5/20 [11.9m]
  ep109 D_eyelid=0.887 D_iris=0.936 D_pupil=0.907 D_mean=0.910 *SAVED* [12.0m]
  ep110 D_eyelid=0.865 D_iris=0.930 D_pupil=0.897 D_mean=0.897 p=1/20 [12.1m]
  ep111 D_eyelid=0.872 D_iris=0.921 D_pupil=0.906 D_mean=0.900 p=2/20 [12.2m]
  ep112 D_eyelid=0.880 D_iris=0.935 D_pupil=0.911 D_mean=0.908 p=3/20 [12.3m]
  ep113 D_eyelid=0.882 D_iris=0.935 D_pupil=0.890 D_mean=0.902 p=4/20 [12.4m]
  ep114 D_eyelid=0.896 D_iris=0.924 D_pupil=0.910 D_mean=0.910 p=5/20 [12.5m]
  ep115 D_eyelid=0.877 D_iris=0.941 D_pupil=0.890 D_mean=0.903 p=6/20 [12.6m]
  ep116 D_eyelid=0.895 D_iris=0.913 D_pupil=0.911 D_mean=0.906 p=7/20 [12.7m]
  ep117 D_eyelid=0.887 D_iris=0.939 D_pupil=0.898 D_mean=0.908 p=8/20 [12.8m]
  ep118 D_eyelid=0.890 D_iris=0.929 D_pupil=0.906 D_mean=0.908 p=9/20 [12.9m]
  ep119 D_eyelid=0.900 D_iris=0.931 D_pupil=0.910 D_mean=0.914 *SAVED* [13.1m]
  ep120 D_eyelid=0.904 D_iris=0.933 D_pupil=0.910 D_mean=0.916 *SAVED* [13.2m]
  ep121 D_eyelid=0.904 D_iris=0.935 D_pupil=0.910 D_mean=0.916 *SAVED* [13.3m]
  ep122 D_eyelid=0.899 D_iris=0.936 D_pupil=0.899 D_mean=0.911 p=1/20 [13.4m]
  ep123 D_eyelid=0.888 D_iris=0.940 D_pupil=0.864 D_mean=0.897 p=2/20 [13.5m]
  ep124 D_eyelid=0.899 D_iris=0.914 D_pupil=0.911 D_mean=0.908 p=3/20 [13.6m]
  ep125 D_eyelid=0.898 D_iris=0.939 D_pupil=0.883 D_mean=0.907 p=4/20 [13.7m]
  ep126 D_eyelid=0.902 D_iris=0.926 D_pupil=0.902 D_mean=0.910 p=5/20 [13.8m]
  ep127 D_eyelid=0.909 D_iris=0.933 D_pupil=0.914 D_mean=0.919 *SAVED* [13.9m]
  ep128 D_eyelid=0.896 D_iris=0.934 D_pupil=0.908 D_mean=0.913 p=1/20 [14.0m]
  ep129 D_eyelid=0.903 D_iris=0.939 D_pupil=0.911 D_mean=0.917 p=2/20 [14.1m]
  ep130 D_eyelid=0.906 D_iris=0.930 D_pupil=0.913 D_mean=0.916 p=3/20 [14.2m]
  ep131 D_eyelid=0.905 D_iris=0.929 D_pupil=0.913 D_mean=0.916 p=4/20 [14.3m]
  ep132 D_eyelid=0.902 D_iris=0.933 D_pupil=0.908 D_mean=0.914 p=5/20 [14.4m]
  ep133 D_eyelid=0.906 D_iris=0.935 D_pupil=0.912 D_mean=0.917 p=6/20 [14.5m]
  ep134 D_eyelid=0.908 D_iris=0.939 D_pupil=0.910 D_mean=0.919 *SAVED* [14.7m]
  ep135 D_eyelid=0.911 D_iris=0.937 D_pupil=0.907 D_mean=0.918 p=1/20 [14.8m]
  ep136 D_eyelid=0.912 D_iris=0.942 D_pupil=0.913 D_mean=0.922 *SAVED* [14.9m]
  ep137 D_eyelid=0.892 D_iris=0.939 D_pupil=0.916 D_mean=0.916 p=1/20 [15.0m]
  ep138 D_eyelid=0.901 D_iris=0.939 D_pupil=0.900 D_mean=0.914 p=2/20 [15.1m]
  ep139 D_eyelid=0.908 D_iris=0.936 D_pupil=0.910 D_mean=0.918 p=3/20 [15.2m]
  ep140 D_eyelid=0.898 D_iris=0.934 D_pupil=0.903 D_mean=0.912 p=4/20 [15.4m]
  ep141 D_eyelid=0.905 D_iris=0.926 D_pupil=0.905 D_mean=0.912 p=5/20 [15.5m]
  ep142 D_eyelid=0.911 D_iris=0.920 D_pupil=0.908 D_mean=0.913 p=6/20 [15.6m]
  ep143 D_eyelid=0.893 D_iris=0.937 D_pupil=0.909 D_mean=0.913 p=7/20 [15.7m]
  ep144 D_eyelid=0.905 D_iris=0.903 D_pupil=0.912 D_mean=0.907 p=8/20 [15.8m]
  ep145 D_eyelid=0.900 D_iris=0.939 D_pupil=0.911 D_mean=0.917 p=9/20 [15.9m]
  ep146 D_eyelid=0.897 D_iris=0.932 D_pupil=0.914 D_mean=0.914 p=10/20 [16.0m]
  ep147 D_eyelid=0.903 D_iris=0.928 D_pupil=0.907 D_mean=0.913 p=11/20 [16.1m]
  ep148 D_eyelid=0.908 D_iris=0.939 D_pupil=0.904 D_mean=0.917 p=12/20 [16.2m]
  ep149 D_eyelid=0.906 D_iris=0.932 D_pupil=0.921 D_mean=0.920 p=13/20 [16.3m]
  ep150 D_eyelid=0.908 D_iris=0.939 D_pupil=0.916 D_mean=0.921 p=14/20 [16.5m]
  ep151 D_eyelid=0.907 D_iris=0.942 D_pupil=0.914 D_mean=0.921 p=15/20 [16.6m]
  ep152 D_eyelid=0.907 D_iris=0.938 D_pupil=0.908 D_mean=0.918 p=16/20 [16.7m]
  ep153 D_eyelid=0.901 D_iris=0.936 D_pupil=0.907 D_mean=0.915 p=17/20 [16.8m]
  ep154 D_eyelid=0.910 D_iris=0.925 D_pupil=0.914 D_mean=0.916 p=18/20 [16.9m]
  ep155 D_eyelid=0.909 D_iris=0.933 D_pupil=0.908 D_mean=0.917 p=19/20 [17.0m]
  ep156 D_eyelid=0.909 D_iris=0.921 D_pupil=0.919 D_mean=0.916 p=20/20 [17.1m]
  early stop (best ep136 mean=0.922)
[subset 100] DONE best_mean=0.9223 @ep136 -> outputs\models\seg100.pth
===== TRAIN seg200 Tue Jun 16 11:10:34     2026 =====
C:\Users\CorneAI\Eyelid_HITL_experiment\.venv\Lib\site-packages\transformers\image_processing_base.py:417: UserWarning: The following named arguments are not valid for `SegformerImageProcessor.__init__` and were ignored: 'feature_extractor_type', 'reduce_labels'
  image_processor = cls(**image_processor_dict)
[subset 200] images=204 train=164 val=40 subjects=15 (val 3) device=cuda
Some weights of SegformerForSemanticSegmentation were not initialized from the model checkpoint at nvidia/segformer-b1-finetuned-ade-512-512 and are newly initialized because the shapes did not match:
- decode_head.classifier.weight: found shape torch.Size([150, 256, 1, 1]) in the checkpoint and torch.Size([3, 256, 1, 1]) in the model instantiated
- decode_head.classifier.bias: found shape torch.Size([150]) in the checkpoint and torch.Size([3]) in the model instantiated
You should probably TRAIN this model on a down-stream task to be able to use it for predictions and inference.
  ep  1 D_eyelid=0.781 D_iris=0.515 D_pupil=0.096 D_mean=0.464 *SAVED* [0.4m]
  ep  2 D_eyelid=0.755 D_iris=0.509 D_pupil=0.089 D_mean=0.451 p=1/20 [0.6m]
  ep  3 D_eyelid=0.793 D_iris=0.544 D_pupil=0.105 D_mean=0.480 *SAVED* [0.8m]
  ep  4 D_eyelid=0.826 D_iris=0.598 D_pupil=0.126 D_mean=0.517 *SAVED* [1.0m]
  ep  5 D_eyelid=0.843 D_iris=0.629 D_pupil=0.156 D_mean=0.542 *SAVED* [1.3m]
  ep  6 D_eyelid=0.873 D_iris=0.727 D_pupil=0.278 D_mean=0.626 *SAVED* [1.5m]
  ep  7 D_eyelid=0.867 D_iris=0.739 D_pupil=0.288 D_mean=0.631 *SAVED* [1.7m]
  ep  8 D_eyelid=0.847 D_iris=0.655 D_pupil=0.271 D_mean=0.591 p=1/20 [1.9m]
  ep  9 D_eyelid=0.900 D_iris=0.803 D_pupil=0.577 D_mean=0.760 *SAVED* [2.1m]
  ep 10 D_eyelid=0.895 D_iris=0.814 D_pupil=0.506 D_mean=0.739 p=1/20 [2.3m]
  ep 11 D_eyelid=0.901 D_iris=0.808 D_pupil=0.593 D_mean=0.767 *SAVED* [2.5m]
  ep 12 D_eyelid=0.903 D_iris=0.879 D_pupil=0.702 D_mean=0.828 *SAVED* [2.7m]
  ep 13 D_eyelid=0.921 D_iris=0.860 D_pupil=0.699 D_mean=0.826 p=1/20 [2.9m]
  ep 14 D_eyelid=0.915 D_iris=0.850 D_pupil=0.728 D_mean=0.831 *SAVED* [3.2m]
  ep 15 D_eyelid=0.916 D_iris=0.903 D_pupil=0.827 D_mean=0.882 *SAVED* [3.4m]
  ep 16 D_eyelid=0.918 D_iris=0.853 D_pupil=0.761 D_mean=0.844 p=1/20 [3.6m]
  ep 17 D_eyelid=0.918 D_iris=0.907 D_pupil=0.762 D_mean=0.862 p=2/20 [3.8m]
  ep 18 D_eyelid=0.929 D_iris=0.909 D_pupil=0.842 D_mean=0.893 *SAVED* [4.0m]
  ep 19 D_eyelid=0.931 D_iris=0.879 D_pupil=0.792 D_mean=0.868 p=1/20 [4.2m]
  ep 20 D_eyelid=0.932 D_iris=0.919 D_pupil=0.848 D_mean=0.900 *SAVED* [4.4m]
  ep 21 D_eyelid=0.935 D_iris=0.925 D_pupil=0.839 D_mean=0.900 p=1/20 [4.6m]
  ep 22 D_eyelid=0.932 D_iris=0.916 D_pupil=0.858 D_mean=0.902 *SAVED* [4.8m]
  ep 23 D_eyelid=0.934 D_iris=0.912 D_pupil=0.839 D_mean=0.895 p=1/20 [5.0m]
  ep 24 D_eyelid=0.938 D_iris=0.910 D_pupil=0.847 D_mean=0.898 p=2/20 [5.3m]
  ep 25 D_eyelid=0.917 D_iris=0.914 D_pupil=0.872 D_mean=0.901 p=3/20 [5.5m]
  ep 26 D_eyelid=0.939 D_iris=0.927 D_pupil=0.866 D_mean=0.911 *SAVED* [5.7m]
  ep 27 D_eyelid=0.942 D_iris=0.914 D_pupil=0.819 D_mean=0.892 p=1/20 [5.9m]
  ep 28 D_eyelid=0.946 D_iris=0.905 D_pupil=0.818 D_mean=0.889 p=2/20 [6.1m]
  ep 29 D_eyelid=0.937 D_iris=0.931 D_pupil=0.855 D_mean=0.907 p=3/20 [6.3m]
  ep 30 D_eyelid=0.939 D_iris=0.929 D_pupil=0.860 D_mean=0.910 p=4/20 [6.5m]
  ep 31 D_eyelid=0.943 D_iris=0.885 D_pupil=0.791 D_mean=0.873 p=5/20 [6.7m]
  ep 32 D_eyelid=0.947 D_iris=0.929 D_pupil=0.817 D_mean=0.898 p=6/20 [7.0m]
  ep 33 D_eyelid=0.938 D_iris=0.927 D_pupil=0.848 D_mean=0.904 p=7/20 [7.2m]
  ep 34 D_eyelid=0.944 D_iris=0.906 D_pupil=0.845 D_mean=0.898 p=8/20 [7.4m]
  ep 35 D_eyelid=0.944 D_iris=0.927 D_pupil=0.823 D_mean=0.898 p=9/20 [7.6m]
  ep 36 D_eyelid=0.942 D_iris=0.924 D_pupil=0.812 D_mean=0.893 p=10/20 [7.9m]
  ep 37 D_eyelid=0.910 D_iris=0.890 D_pupil=0.877 D_mean=0.892 p=11/20 [8.1m]
  ep 38 D_eyelid=0.943 D_iris=0.914 D_pupil=0.765 D_mean=0.874 p=12/20 [8.3m]
  ep 39 D_eyelid=0.947 D_iris=0.909 D_pupil=0.868 D_mean=0.908 p=13/20 [8.6m]
  ep 40 D_eyelid=0.943 D_iris=0.921 D_pupil=0.873 D_mean=0.913 *SAVED* [8.8m]
  ep 41 D_eyelid=0.945 D_iris=0.918 D_pupil=0.838 D_mean=0.900 p=1/20 [9.0m]
  ep 42 D_eyelid=0.941 D_iris=0.929 D_pupil=0.834 D_mean=0.901 p=2/20 [9.2m]
  ep 43 D_eyelid=0.945 D_iris=0.919 D_pupil=0.862 D_mean=0.909 p=3/20 [9.4m]
  ep 44 D_eyelid=0.942 D_iris=0.919 D_pupil=0.853 D_mean=0.905 p=4/20 [9.6m]
  ep 45 D_eyelid=0.939 D_iris=0.900 D_pupil=0.787 D_mean=0.875 p=5/20 [9.8m]
  ep 46 D_eyelid=0.945 D_iris=0.934 D_pupil=0.891 D_mean=0.923 *SAVED* [10.0m]
  ep 47 D_eyelid=0.947 D_iris=0.933 D_pupil=0.882 D_mean=0.921 p=1/20 [10.2m]
  ep 48 D_eyelid=0.946 D_iris=0.937 D_pupil=0.884 D_mean=0.922 p=2/20 [10.5m]
  ep 49 D_eyelid=0.945 D_iris=0.935 D_pupil=0.887 D_mean=0.922 p=3/20 [10.7m]
  ep 50 D_eyelid=0.948 D_iris=0.930 D_pupil=0.866 D_mean=0.915 p=4/20 [10.9m]
  ep 51 D_eyelid=0.947 D_iris=0.930 D_pupil=0.880 D_mean=0.919 p=5/20 [11.1m]
  ep 52 D_eyelid=0.948 D_iris=0.932 D_pupil=0.887 D_mean=0.923 p=6/20 [11.3m]
  ep 53 D_eyelid=0.948 D_iris=0.937 D_pupil=0.892 D_mean=0.926 *SAVED* [11.5m]
  ep 54 D_eyelid=0.949 D_iris=0.942 D_pupil=0.894 D_mean=0.928 *SAVED* [11.7m]
  ep 55 D_eyelid=0.950 D_iris=0.937 D_pupil=0.903 D_mean=0.930 *SAVED* [11.9m]
  ep 56 D_eyelid=0.947 D_iris=0.940 D_pupil=0.894 D_mean=0.927 p=1/20 [12.1m]
  ep 57 D_eyelid=0.952 D_iris=0.934 D_pupil=0.894 D_mean=0.927 p=2/20 [12.3m]
  ep 58 D_eyelid=0.953 D_iris=0.944 D_pupil=0.898 D_mean=0.932 *SAVED* [12.5m]
  ep 59 D_eyelid=0.953 D_iris=0.933 D_pupil=0.903 D_mean=0.930 p=1/20 [12.8m]
  ep 60 D_eyelid=0.951 D_iris=0.939 D_pupil=0.837 D_mean=0.909 p=2/20 [13.0m]
  ep 61 D_eyelid=0.952 D_iris=0.942 D_pupil=0.853 D_mean=0.915 p=3/20 [13.2m]
  ep 62 D_eyelid=0.954 D_iris=0.945 D_pupil=0.880 D_mean=0.926 p=4/20 [13.5m]
  ep 63 D_eyelid=0.955 D_iris=0.937 D_pupil=0.881 D_mean=0.924 p=5/20 [13.7m]
  ep 64 D_eyelid=0.955 D_iris=0.939 D_pupil=0.876 D_mean=0.923 p=6/20 [13.9m]
  ep 65 D_eyelid=0.956 D_iris=0.943 D_pupil=0.883 D_mean=0.927 p=7/20 [14.1m]
  ep 66 D_eyelid=0.958 D_iris=0.945 D_pupil=0.887 D_mean=0.930 p=8/20 [14.3m]
  ep 67 D_eyelid=0.956 D_iris=0.939 D_pupil=0.886 D_mean=0.927 p=9/20 [14.6m]
  ep 68 D_eyelid=0.957 D_iris=0.943 D_pupil=0.885 D_mean=0.929 p=10/20 [14.8m]
  ep 69 D_eyelid=0.956 D_iris=0.948 D_pupil=0.882 D_mean=0.929 p=11/20 [15.0m]
  ep 70 D_eyelid=0.959 D_iris=0.946 D_pupil=0.907 D_mean=0.937 *SAVED* [15.2m]
  ep 71 D_eyelid=0.956 D_iris=0.944 D_pupil=0.883 D_mean=0.928 p=1/20 [15.4m]
  ep 72 D_eyelid=0.952 D_iris=0.942 D_pupil=0.896 D_mean=0.930 p=2/20 [15.7m]
  ep 73 D_eyelid=0.958 D_iris=0.944 D_pupil=0.899 D_mean=0.933 p=3/20 [15.9m]
  ep 74 D_eyelid=0.958 D_iris=0.942 D_pupil=0.880 D_mean=0.927 p=4/20 [16.1m]
  ep 75 D_eyelid=0.961 D_iris=0.942 D_pupil=0.887 D_mean=0.930 p=5/20 [16.3m]
  ep 76 D_eyelid=0.961 D_iris=0.947 D_pupil=0.880 D_mean=0.929 p=6/20 [16.5m]
  ep 77 D_eyelid=0.959 D_iris=0.943 D_pupil=0.887 D_mean=0.930 p=7/20 [16.7m]
  ep 78 D_eyelid=0.960 D_iris=0.945 D_pupil=0.882 D_mean=0.929 p=8/20 [16.9m]
  ep 79 D_eyelid=0.959 D_iris=0.939 D_pupil=0.858 D_mean=0.919 p=9/20 [17.1m]
  ep 80 D_eyelid=0.960 D_iris=0.946 D_pupil=0.872 D_mean=0.926 p=10/20 [17.4m]
  ep 81 D_eyelid=0.959 D_iris=0.943 D_pupil=0.871 D_mean=0.924 p=11/20 [17.6m]
  ep 82 D_eyelid=0.961 D_iris=0.936 D_pupil=0.872 D_mean=0.923 p=12/20 [17.8m]
  ep 83 D_eyelid=0.961 D_iris=0.946 D_pupil=0.875 D_mean=0.927 p=13/20 [18.0m]
  ep 84 D_eyelid=0.962 D_iris=0.943 D_pupil=0.890 D_mean=0.931 p=14/20 [18.3m]
  ep 85 D_eyelid=0.960 D_iris=0.946 D_pupil=0.878 D_mean=0.928 p=15/20 [18.5m]
  ep 86 D_eyelid=0.960 D_iris=0.946 D_pupil=0.871 D_mean=0.926 p=16/20 [18.7m]
  ep 87 D_eyelid=0.960 D_iris=0.948 D_pupil=0.874 D_mean=0.927 p=17/20 [18.9m]
  ep 88 D_eyelid=0.961 D_iris=0.949 D_pupil=0.886 D_mean=0.932 p=18/20 [19.1m]
  ep 89 D_eyelid=0.960 D_iris=0.946 D_pupil=0.860 D_mean=0.922 p=19/20 [19.3m]
  ep 90 D_eyelid=0.960 D_iris=0.945 D_pupil=0.872 D_mean=0.926 p=20/20 [19.5m]
  early stop (best ep70 mean=0.937)
[subset 200] DONE best_mean=0.9374 @ep70 -> outputs\models\seg200.pth
===== TRAIN seg300 Tue Jun 16 11:30:19     2026 =====
C:\Users\CorneAI\Eyelid_HITL_experiment\.venv\Lib\site-packages\transformers\image_processing_base.py:417: UserWarning: The following named arguments are not valid for `SegformerImageProcessor.__init__` and were ignored: 'feature_extractor_type', 'reduce_labels'
  image_processor = cls(**image_processor_dict)
[subset 300] images=312 train=246 val=66 subjects=23 (val 4) device=cuda
Some weights of SegformerForSemanticSegmentation were not initialized from the model checkpoint at nvidia/segformer-b1-finetuned-ade-512-512 and are newly initialized because the shapes did not match:
- decode_head.classifier.weight: found shape torch.Size([150, 256, 1, 1]) in the checkpoint and torch.Size([3, 256, 1, 1]) in the model instantiated
- decode_head.classifier.bias: found shape torch.Size([150]) in the checkpoint and torch.Size([3]) in the model instantiated
You should probably TRAIN this model on a down-stream task to be able to use it for predictions and inference.
  ep  1 D_eyelid=0.618 D_iris=0.446 D_pupil=0.089 D_mean=0.385 *SAVED* [0.5m]
  ep  2 D_eyelid=0.680 D_iris=0.479 D_pupil=0.094 D_mean=0.418 *SAVED* [0.8m]
  ep  3 D_eyelid=0.751 D_iris=0.631 D_pupil=0.142 D_mean=0.508 *SAVED* [1.2m]
  ep  4 D_eyelid=0.747 D_iris=0.674 D_pupil=0.260 D_mean=0.560 *SAVED* [1.5m]
  ep  5 D_eyelid=0.738 D_iris=0.700 D_pupil=0.337 D_mean=0.591 *SAVED* [1.9m]
  ep  6 D_eyelid=0.780 D_iris=0.695 D_pupil=0.491 D_mean=0.655 *SAVED* [2.3m]
  ep  7 D_eyelid=0.780 D_iris=0.695 D_pupil=0.552 D_mean=0.675 *SAVED* [2.6m]
  ep  8 D_eyelid=0.785 D_iris=0.720 D_pupil=0.549 D_mean=0.684 *SAVED* [2.9m]
  ep  9 D_eyelid=0.830 D_iris=0.825 D_pupil=0.695 D_mean=0.783 *SAVED* [3.3m]
  ep 10 D_eyelid=0.815 D_iris=0.810 D_pupil=0.675 D_mean=0.767 p=1/20 [3.6m]
  ep 11 D_eyelid=0.827 D_iris=0.832 D_pupil=0.721 D_mean=0.794 *SAVED* [3.9m]
  ep 12 D_eyelid=0.815 D_iris=0.769 D_pupil=0.553 D_mean=0.712 p=1/20 [4.2m]
  ep 13 D_eyelid=0.817 D_iris=0.771 D_pupil=0.647 D_mean=0.745 p=2/20 [4.5m]
  ep 14 D_eyelid=0.852 D_iris=0.834 D_pupil=0.739 D_mean=0.808 *SAVED* [4.9m]
  ep 15 D_eyelid=0.849 D_iris=0.826 D_pupil=0.679 D_mean=0.785 p=1/20 [5.2m]
  ep 16 D_eyelid=0.872 D_iris=0.849 D_pupil=0.725 D_mean=0.815 *SAVED* [5.5m]
  ep 17 D_eyelid=0.881 D_iris=0.882 D_pupil=0.820 D_mean=0.861 *SAVED* [5.9m]
  ep 18 D_eyelid=0.873 D_iris=0.881 D_pupil=0.813 D_mean=0.856 p=1/20 [6.2m]
  ep 19 D_eyelid=0.868 D_iris=0.853 D_pupil=0.785 D_mean=0.836 p=2/20 [6.5m]
  ep 20 D_eyelid=0.866 D_iris=0.828 D_pupil=0.750 D_mean=0.815 p=3/20 [6.8m]
  ep 21 D_eyelid=0.880 D_iris=0.896 D_pupil=0.864 D_mean=0.880 *SAVED* [7.2m]
  ep 22 D_eyelid=0.894 D_iris=0.912 D_pupil=0.877 D_mean=0.894 *SAVED* [7.5m]
  ep 23 D_eyelid=0.904 D_iris=0.892 D_pupil=0.842 D_mean=0.880 p=1/20 [7.8m]
  ep 24 D_eyelid=0.901 D_iris=0.875 D_pupil=0.820 D_mean=0.865 p=2/20 [8.1m]
  ep 25 D_eyelid=0.914 D_iris=0.907 D_pupil=0.874 D_mean=0.898 *SAVED* [8.4m]
  ep 26 D_eyelid=0.918 D_iris=0.908 D_pupil=0.825 D_mean=0.884 p=1/20 [8.7m]
  ep 27 D_eyelid=0.904 D_iris=0.877 D_pupil=0.781 D_mean=0.854 p=2/20 [9.1m]
  ep 28 D_eyelid=0.890 D_iris=0.891 D_pupil=0.860 D_mean=0.880 p=3/20 [9.4m]
  ep 29 D_eyelid=0.918 D_iris=0.904 D_pupil=0.847 D_mean=0.890 p=4/20 [9.7m]
  ep 30 D_eyelid=0.916 D_iris=0.874 D_pupil=0.883 D_mean=0.891 p=5/20 [10.0m]
  ep 31 D_eyelid=0.913 D_iris=0.889 D_pupil=0.866 D_mean=0.889 p=6/20 [10.4m]
  ep 32 D_eyelid=0.927 D_iris=0.904 D_pupil=0.871 D_mean=0.901 *SAVED* [10.7m]
  ep 33 D_eyelid=0.911 D_iris=0.870 D_pupil=0.851 D_mean=0.877 p=1/20 [11.0m]
  ep 34 D_eyelid=0.919 D_iris=0.912 D_pupil=0.878 D_mean=0.903 *SAVED* [11.4m]
  ep 35 D_eyelid=0.919 D_iris=0.917 D_pupil=0.908 D_mean=0.915 *SAVED* [11.8m]
  ep 36 D_eyelid=0.926 D_iris=0.910 D_pupil=0.918 D_mean=0.918 *SAVED* [12.1m]
  ep 37 D_eyelid=0.930 D_iris=0.911 D_pupil=0.910 D_mean=0.917 p=1/20 [12.4m]
  ep 38 D_eyelid=0.924 D_iris=0.864 D_pupil=0.852 D_mean=0.880 p=2/20 [12.7m]
  ep 39 D_eyelid=0.930 D_iris=0.915 D_pupil=0.904 D_mean=0.916 p=3/20 [13.1m]
  ep 40 D_eyelid=0.925 D_iris=0.893 D_pupil=0.871 D_mean=0.896 p=4/20 [13.4m]
  ep 41 D_eyelid=0.933 D_iris=0.903 D_pupil=0.878 D_mean=0.905 p=5/20 [13.8m]
  ep 42 D_eyelid=0.932 D_iris=0.909 D_pupil=0.862 D_mean=0.901 p=6/20 [14.1m]
  ep 43 D_eyelid=0.935 D_iris=0.926 D_pupil=0.909 D_mean=0.923 *SAVED* [14.5m]
  ep 44 D_eyelid=0.935 D_iris=0.928 D_pupil=0.917 D_mean=0.927 *SAVED* [14.8m]
  ep 45 D_eyelid=0.933 D_iris=0.931 D_pupil=0.901 D_mean=0.922 p=1/20 [15.1m]
  ep 46 D_eyelid=0.940 D_iris=0.908 D_pupil=0.901 D_mean=0.916 p=2/20 [15.5m]
  ep 47 D_eyelid=0.935 D_iris=0.921 D_pupil=0.931 D_mean=0.929 *SAVED* [15.8m]
  ep 48 D_eyelid=0.938 D_iris=0.922 D_pupil=0.909 D_mean=0.923 p=1/20 [16.1m]
  ep 49 D_eyelid=0.935 D_iris=0.920 D_pupil=0.917 D_mean=0.924 p=2/20 [16.5m]
  ep 50 D_eyelid=0.939 D_iris=0.913 D_pupil=0.919 D_mean=0.924 p=3/20 [16.8m]
  ep 51 D_eyelid=0.938 D_iris=0.912 D_pupil=0.921 D_mean=0.924 p=4/20 [17.2m]
  ep 52 D_eyelid=0.938 D_iris=0.934 D_pupil=0.929 D_mean=0.933 *SAVED* [17.5m]
  ep 53 D_eyelid=0.939 D_iris=0.914 D_pupil=0.903 D_mean=0.919 p=1/20 [17.9m]
  ep 54 D_eyelid=0.941 D_iris=0.916 D_pupil=0.901 D_mean=0.919 p=2/20 [18.2m]
  ep 55 D_eyelid=0.941 D_iris=0.940 D_pupil=0.916 D_mean=0.932 p=3/20 [18.6m]
  ep 56 D_eyelid=0.941 D_iris=0.935 D_pupil=0.910 D_mean=0.929 p=4/20 [19.0m]
  ep 57 D_eyelid=0.938 D_iris=0.924 D_pupil=0.913 D_mean=0.925 p=5/20 [19.3m]
  ep 58 D_eyelid=0.941 D_iris=0.940 D_pupil=0.924 D_mean=0.935 *SAVED* [19.6m]
  ep 59 D_eyelid=0.945 D_iris=0.918 D_pupil=0.930 D_mean=0.931 p=1/20 [20.0m]
  ep 60 D_eyelid=0.944 D_iris=0.935 D_pupil=0.925 D_mean=0.935 p=2/20 [20.4m]
  ep 61 D_eyelid=0.941 D_iris=0.930 D_pupil=0.935 D_mean=0.935 *SAVED* [20.7m]
  ep 62 D_eyelid=0.943 D_iris=0.935 D_pupil=0.911 D_mean=0.930 p=1/20 [21.1m]
  ep 63 D_eyelid=0.948 D_iris=0.930 D_pupil=0.927 D_mean=0.935 p=2/20 [21.4m]
  ep 64 D_eyelid=0.949 D_iris=0.936 D_pupil=0.907 D_mean=0.931 p=3/20 [21.7m]
  ep 65 D_eyelid=0.946 D_iris=0.946 D_pupil=0.923 D_mean=0.939 *SAVED* [22.1m]
  ep 66 D_eyelid=0.951 D_iris=0.927 D_pupil=0.911 D_mean=0.930 p=1/20 [22.4m]
  ep 67 D_eyelid=0.949 D_iris=0.938 D_pupil=0.930 D_mean=0.939 *SAVED* [22.7m]
  ep 68 D_eyelid=0.948 D_iris=0.928 D_pupil=0.923 D_mean=0.933 p=1/20 [23.1m]
  ep 69 D_eyelid=0.949 D_iris=0.941 D_pupil=0.902 D_mean=0.931 p=2/20 [23.4m]
  ep 70 D_eyelid=0.945 D_iris=0.932 D_pupil=0.921 D_mean=0.933 p=3/20 [23.8m]
  ep 71 D_eyelid=0.948 D_iris=0.944 D_pupil=0.924 D_mean=0.939 p=4/20 [24.1m]
  ep 72 D_eyelid=0.951 D_iris=0.931 D_pupil=0.927 D_mean=0.936 p=5/20 [24.4m]
  ep 73 D_eyelid=0.951 D_iris=0.948 D_pupil=0.927 D_mean=0.942 *SAVED* [24.7m]
  ep 74 D_eyelid=0.952 D_iris=0.946 D_pupil=0.927 D_mean=0.942 p=1/20 [25.1m]
  ep 75 D_eyelid=0.950 D_iris=0.940 D_pupil=0.927 D_mean=0.939 p=2/20 [25.4m]
  ep 76 D_eyelid=0.952 D_iris=0.948 D_pupil=0.932 D_mean=0.944 *SAVED* [25.7m]
  ep 77 D_eyelid=0.949 D_iris=0.939 D_pupil=0.910 D_mean=0.933 p=1/20 [26.0m]
  ep 78 D_eyelid=0.953 D_iris=0.950 D_pupil=0.931 D_mean=0.945 *SAVED* [26.3m]
  ep 79 D_eyelid=0.953 D_iris=0.948 D_pupil=0.936 D_mean=0.946 *SAVED* [26.6m]
  ep 80 D_eyelid=0.951 D_iris=0.935 D_pupil=0.924 D_mean=0.937 p=1/20 [27.0m]
  ep 81 D_eyelid=0.953 D_iris=0.945 D_pupil=0.934 D_mean=0.944 p=2/20 [27.3m]
  ep 82 D_eyelid=0.953 D_iris=0.931 D_pupil=0.916 D_mean=0.933 p=3/20 [27.6m]
  ep 83 D_eyelid=0.950 D_iris=0.934 D_pupil=0.920 D_mean=0.935 p=4/20 [27.9m]
  ep 84 D_eyelid=0.956 D_iris=0.941 D_pupil=0.927 D_mean=0.942 p=5/20 [28.3m]
  ep 85 D_eyelid=0.954 D_iris=0.938 D_pupil=0.929 D_mean=0.940 p=6/20 [28.6m]
  ep 86 D_eyelid=0.954 D_iris=0.934 D_pupil=0.935 D_mean=0.941 p=7/20 [29.0m]
  ep 87 D_eyelid=0.956 D_iris=0.949 D_pupil=0.946 D_mean=0.950 *SAVED* [29.3m]
  ep 88 D_eyelid=0.954 D_iris=0.951 D_pupil=0.922 D_mean=0.942 p=1/20 [29.6m]
  ep 89 D_eyelid=0.956 D_iris=0.951 D_pupil=0.935 D_mean=0.947 p=2/20 [30.0m]
  ep 90 D_eyelid=0.954 D_iris=0.939 D_pupil=0.907 D_mean=0.933 p=3/20 [30.3m]
  ep 91 D_eyelid=0.955 D_iris=0.947 D_pupil=0.934 D_mean=0.945 p=4/20 [30.6m]
  ep 92 D_eyelid=0.953 D_iris=0.937 D_pupil=0.923 D_mean=0.938 p=5/20 [30.9m]
  ep 93 D_eyelid=0.957 D_iris=0.934 D_pupil=0.941 D_mean=0.944 p=6/20 [31.3m]
  ep 94 D_eyelid=0.957 D_iris=0.943 D_pupil=0.937 D_mean=0.946 p=7/20 [31.6m]
  ep 95 D_eyelid=0.955 D_iris=0.929 D_pupil=0.911 D_mean=0.932 p=8/20 [31.9m]
  ep 96 D_eyelid=0.957 D_iris=0.944 D_pupil=0.927 D_mean=0.942 p=9/20 [32.3m]
  ep 97 D_eyelid=0.958 D_iris=0.954 D_pupil=0.935 D_mean=0.949 p=10/20 [32.6m]
  ep 98 D_eyelid=0.959 D_iris=0.936 D_pupil=0.935 D_mean=0.943 p=11/20 [32.9m]
  ep 99 D_eyelid=0.956 D_iris=0.945 D_pupil=0.941 D_mean=0.947 p=12/20 [33.3m]
  ep100 D_eyelid=0.955 D_iris=0.944 D_pupil=0.933 D_mean=0.944 p=13/20 [33.7m]
  ep101 D_eyelid=0.956 D_iris=0.955 D_pupil=0.941 D_mean=0.951 *SAVED* [34.0m]
  ep102 D_eyelid=0.955 D_iris=0.956 D_pupil=0.944 D_mean=0.952 *SAVED* [34.3m]
  ep103 D_eyelid=0.957 D_iris=0.941 D_pupil=0.948 D_mean=0.948 p=1/20 [34.7m]
  ep104 D_eyelid=0.959 D_iris=0.946 D_pupil=0.934 D_mean=0.947 p=2/20 [35.1m]
  ep105 D_eyelid=0.959 D_iris=0.943 D_pupil=0.942 D_mean=0.948 p=3/20 [35.6m]
  ep106 D_eyelid=0.957 D_iris=0.952 D_pupil=0.939 D_mean=0.949 p=4/20 [36.0m]
  ep107 D_eyelid=0.960 D_iris=0.950 D_pupil=0.933 D_mean=0.947 p=5/20 [36.5m]
  ep108 D_eyelid=0.960 D_iris=0.958 D_pupil=0.936 D_mean=0.951 p=6/20 [36.9m]
  ep109 D_eyelid=0.956 D_iris=0.955 D_pupil=0.940 D_mean=0.950 p=7/20 [37.4m]
  ep110 D_eyelid=0.959 D_iris=0.959 D_pupil=0.935 D_mean=0.951 p=8/20 [37.8m]
  ep111 D_eyelid=0.959 D_iris=0.954 D_pupil=0.929 D_mean=0.948 p=9/20 [38.1m]
  ep112 D_eyelid=0.958 D_iris=0.949 D_pupil=0.942 D_mean=0.950 p=10/20 [38.5m]
  ep113 D_eyelid=0.958 D_iris=0.945 D_pupil=0.907 D_mean=0.937 p=11/20 [38.9m]
  ep114 D_eyelid=0.958 D_iris=0.946 D_pupil=0.943 D_mean=0.949 p=12/20 [39.2m]
  ep115 D_eyelid=0.959 D_iris=0.945 D_pupil=0.922 D_mean=0.942 p=13/20 [39.6m]
  ep116 D_eyelid=0.959 D_iris=0.955 D_pupil=0.929 D_mean=0.948 p=14/20 [39.9m]
  ep117 D_eyelid=0.958 D_iris=0.958 D_pupil=0.929 D_mean=0.948 p=15/20 [40.2m]
  ep118 D_eyelid=0.961 D_iris=0.954 D_pupil=0.922 D_mean=0.945 p=16/20 [40.5m]
  ep119 D_eyelid=0.962 D_iris=0.951 D_pupil=0.934 D_mean=0.949 p=17/20 [40.9m]
  ep120 D_eyelid=0.960 D_iris=0.962 D_pupil=0.943 D_mean=0.955 *SAVED* [41.2m]
  ep121 D_eyelid=0.961 D_iris=0.951 D_pupil=0.943 D_mean=0.952 p=1/20 [41.6m]
  ep122 D_eyelid=0.958 D_iris=0.952 D_pupil=0.935 D_mean=0.948 p=2/20 [41.9m]
  ep123 D_eyelid=0.957 D_iris=0.950 D_pupil=0.940 D_mean=0.949 p=3/20 [42.3m]
  ep124 D_eyelid=0.962 D_iris=0.950 D_pupil=0.938 D_mean=0.950 p=4/20 [42.6m]
  ep125 D_eyelid=0.960 D_iris=0.958 D_pupil=0.940 D_mean=0.953 p=5/20 [43.0m]
  ep126 D_eyelid=0.958 D_iris=0.955 D_pupil=0.943 D_mean=0.952 p=6/20 [43.3m]
  ep127 D_eyelid=0.960 D_iris=0.952 D_pupil=0.934 D_mean=0.949 p=7/20 [43.7m]
  ep128 D_eyelid=0.960 D_iris=0.956 D_pupil=0.934 D_mean=0.950 p=8/20 [44.0m]
  ep129 D_eyelid=0.958 D_iris=0.952 D_pupil=0.932 D_mean=0.947 p=9/20 [44.4m]
  ep130 D_eyelid=0.960 D_iris=0.946 D_pupil=0.931 D_mean=0.946 p=10/20 [44.7m]
  ep131 D_eyelid=0.958 D_iris=0.949 D_pupil=0.942 D_mean=0.950 p=11/20 [45.1m]
  ep132 D_eyelid=0.960 D_iris=0.955 D_pupil=0.930 D_mean=0.948 p=12/20 [45.5m]
  ep133 D_eyelid=0.960 D_iris=0.952 D_pupil=0.927 D_mean=0.946 p=13/20 [45.8m]
  ep134 D_eyelid=0.958 D_iris=0.952 D_pupil=0.938 D_mean=0.949 p=14/20 [46.1m]
  ep135 D_eyelid=0.960 D_iris=0.954 D_pupil=0.935 D_mean=0.950 p=15/20 [46.5m]
  ep136 D_eyelid=0.962 D_iris=0.953 D_pupil=0.946 D_mean=0.954 p=16/20 [46.9m]
  ep137 D_eyelid=0.957 D_iris=0.954 D_pupil=0.939 D_mean=0.950 p=17/20 [47.2m]
  ep138 D_eyelid=0.960 D_iris=0.957 D_pupil=0.936 D_mean=0.951 p=18/20 [47.5m]
  ep139 D_eyelid=0.960 D_iris=0.959 D_pupil=0.927 D_mean=0.949 p=19/20 [47.8m]
  ep140 D_eyelid=0.957 D_iris=0.959 D_pupil=0.944 D_mean=0.953 p=20/20 [48.1m]
  early stop (best ep120 mean=0.955)
[subset 300] DONE best_mean=0.9550 @ep120 -> outputs\models\seg300.pth
===== SMALL ALL DONE Tue Jun 16 12:18:39     2026 =====
