===== TRAIN seg500 Tue Jun 16 09:12:04     2026 =====
C:\Users\CorneAI\Eyelid_HITL_experiment\.venv\Lib\site-packages\transformers\image_processing_base.py:417: UserWarning: The following named arguments are not valid for `SegformerImageProcessor.__init__` and were ignored: 'feature_extractor_type', 'reduce_labels'
  image_processor = cls(**image_processor_dict)
[subset 500] images=505 train=445 val=60 subjects=34 (val 6) device=cuda
Some weights of SegformerForSemanticSegmentation were not initialized from the model checkpoint at nvidia/segformer-b1-finetuned-ade-512-512 and are newly initialized because the shapes did not match:
- decode_head.classifier.weight: found shape torch.Size([150, 256, 1, 1]) in the checkpoint and torch.Size([3, 256, 1, 1]) in the model instantiated
- decode_head.classifier.bias: found shape torch.Size([150]) in the checkpoint and torch.Size([3]) in the model instantiated
You should probably TRAIN this model on a down-stream task to be able to use it for predictions and inference.
  ep  1 D_eyelid=0.666 D_iris=0.571 D_pupil=0.110 D_mean=0.449 *SAVED* [0.6m]
  ep  2 D_eyelid=0.807 D_iris=0.893 D_pupil=0.436 D_mean=0.712 *SAVED* [1.0m]
  ep  3 D_eyelid=0.772 D_iris=0.838 D_pupil=0.508 D_mean=0.706 p=1/20 [1.4m]
  ep  4 D_eyelid=0.833 D_iris=0.910 D_pupil=0.659 D_mean=0.800 *SAVED* [1.8m]
  ep  5 D_eyelid=0.781 D_iris=0.835 D_pupil=0.640 D_mean=0.752 p=1/20 [2.3m]
  ep  6 D_eyelid=0.860 D_iris=0.939 D_pupil=0.853 D_mean=0.884 *SAVED* [2.7m]
  ep  7 D_eyelid=0.864 D_iris=0.920 D_pupil=0.756 D_mean=0.847 p=1/20 [3.2m]
  ep  8 D_eyelid=0.887 D_iris=0.937 D_pupil=0.843 D_mean=0.889 *SAVED* [3.6m]
  ep  9 D_eyelid=0.882 D_iris=0.928 D_pupil=0.811 D_mean=0.874 p=1/20 [4.1m]
  ep 10 D_eyelid=0.896 D_iris=0.936 D_pupil=0.847 D_mean=0.893 *SAVED* [4.5m]
  ep 11 D_eyelid=0.902 D_iris=0.941 D_pupil=0.845 D_mean=0.896 *SAVED* [5.0m]
  ep 12 D_eyelid=0.881 D_iris=0.938 D_pupil=0.824 D_mean=0.881 p=1/20 [5.4m]
  ep 13 D_eyelid=0.915 D_iris=0.947 D_pupil=0.840 D_mean=0.901 *SAVED* [5.9m]
  ep 14 D_eyelid=0.919 D_iris=0.941 D_pupil=0.805 D_mean=0.889 p=1/20 [6.3m]
  ep 15 D_eyelid=0.911 D_iris=0.945 D_pupil=0.898 D_mean=0.918 *SAVED* [6.8m]
  ep 16 D_eyelid=0.895 D_iris=0.949 D_pupil=0.869 D_mean=0.904 p=1/20 [7.2m]
  ep 17 D_eyelid=0.912 D_iris=0.940 D_pupil=0.883 D_mean=0.912 p=2/20 [7.6m]
  ep 18 D_eyelid=0.907 D_iris=0.951 D_pupil=0.874 D_mean=0.911 p=3/20 [8.1m]
  ep 19 D_eyelid=0.910 D_iris=0.939 D_pupil=0.902 D_mean=0.917 p=4/20 [8.5m]
  ep 20 D_eyelid=0.930 D_iris=0.950 D_pupil=0.880 D_mean=0.920 *SAVED* [8.9m]
  ep 21 D_eyelid=0.937 D_iris=0.951 D_pupil=0.916 D_mean=0.935 *SAVED* [9.3m]
  ep 22 D_eyelid=0.934 D_iris=0.955 D_pupil=0.894 D_mean=0.927 p=1/20 [9.8m]
  ep 23 D_eyelid=0.932 D_iris=0.959 D_pupil=0.907 D_mean=0.933 p=2/20 [10.2m]
  ep 24 D_eyelid=0.948 D_iris=0.955 D_pupil=0.871 D_mean=0.925 p=3/20 [10.6m]
  ep 25 D_eyelid=0.952 D_iris=0.957 D_pupil=0.910 D_mean=0.940 *SAVED* [11.0m]
  ep 26 D_eyelid=0.933 D_iris=0.955 D_pupil=0.920 D_mean=0.936 p=1/20 [11.5m]
  ep 27 D_eyelid=0.943 D_iris=0.964 D_pupil=0.921 D_mean=0.943 *SAVED* [11.9m]
  ep 28 D_eyelid=0.955 D_iris=0.954 D_pupil=0.933 D_mean=0.947 *SAVED* [12.3m]
  ep 29 D_eyelid=0.954 D_iris=0.963 D_pupil=0.910 D_mean=0.942 p=1/20 [12.7m]
  ep 30 D_eyelid=0.944 D_iris=0.961 D_pupil=0.928 D_mean=0.945 p=2/20 [13.1m]
  ep 31 D_eyelid=0.949 D_iris=0.961 D_pupil=0.920 D_mean=0.943 p=3/20 [13.6m]
  ep 32 D_eyelid=0.952 D_iris=0.959 D_pupil=0.944 D_mean=0.952 *SAVED* [14.0m]
  ep 33 D_eyelid=0.958 D_iris=0.960 D_pupil=0.900 D_mean=0.939 p=1/20 [14.4m]
  ep 34 D_eyelid=0.960 D_iris=0.965 D_pupil=0.909 D_mean=0.945 p=2/20 [14.8m]
  ep 35 D_eyelid=0.957 D_iris=0.965 D_pupil=0.909 D_mean=0.944 p=3/20 [15.3m]
  ep 36 D_eyelid=0.958 D_iris=0.968 D_pupil=0.935 D_mean=0.954 *SAVED* [15.7m]
  ep 37 D_eyelid=0.956 D_iris=0.967 D_pupil=0.922 D_mean=0.948 p=1/20 [16.1m]
  ep 38 D_eyelid=0.960 D_iris=0.961 D_pupil=0.935 D_mean=0.952 p=2/20 [16.5m]
  ep 39 D_eyelid=0.953 D_iris=0.968 D_pupil=0.918 D_mean=0.946 p=3/20 [17.0m]
  ep 40 D_eyelid=0.958 D_iris=0.965 D_pupil=0.939 D_mean=0.954 *SAVED* [17.4m]
  ep 41 D_eyelid=0.962 D_iris=0.962 D_pupil=0.944 D_mean=0.956 *SAVED* [17.8m]
  ep 42 D_eyelid=0.962 D_iris=0.968 D_pupil=0.939 D_mean=0.956 *SAVED* [18.2m]
  ep 43 D_eyelid=0.955 D_iris=0.963 D_pupil=0.922 D_mean=0.947 p=1/20 [18.6m]
  ep 44 D_eyelid=0.962 D_iris=0.960 D_pupil=0.949 D_mean=0.957 *SAVED* [19.1m]
  ep 45 D_eyelid=0.957 D_iris=0.970 D_pupil=0.945 D_mean=0.958 *SAVED* [19.5m]
  ep 46 D_eyelid=0.963 D_iris=0.965 D_pupil=0.926 D_mean=0.951 p=1/20 [19.9m]
  ep 47 D_eyelid=0.960 D_iris=0.967 D_pupil=0.937 D_mean=0.955 p=2/20 [20.3m]
  ep 48 D_eyelid=0.963 D_iris=0.969 D_pupil=0.945 D_mean=0.959 *SAVED* [20.8m]
  ep 49 D_eyelid=0.961 D_iris=0.965 D_pupil=0.946 D_mean=0.957 p=1/20 [21.2m]
  ep 50 D_eyelid=0.961 D_iris=0.969 D_pupil=0.936 D_mean=0.956 p=2/20 [21.6m]
  ep 51 D_eyelid=0.962 D_iris=0.968 D_pupil=0.935 D_mean=0.955 p=3/20 [22.0m]
  ep 52 D_eyelid=0.959 D_iris=0.970 D_pupil=0.946 D_mean=0.958 p=4/20 [22.4m]
  ep 53 D_eyelid=0.962 D_iris=0.967 D_pupil=0.925 D_mean=0.951 p=5/20 [22.9m]
  ep 54 D_eyelid=0.964 D_iris=0.968 D_pupil=0.934 D_mean=0.955 p=6/20 [23.3m]
  ep 55 D_eyelid=0.963 D_iris=0.973 D_pupil=0.936 D_mean=0.957 p=7/20 [23.7m]
  ep 56 D_eyelid=0.965 D_iris=0.968 D_pupil=0.938 D_mean=0.957 p=8/20 [24.1m]
  ep 57 D_eyelid=0.964 D_iris=0.964 D_pupil=0.922 D_mean=0.950 p=9/20 [24.5m]
  ep 58 D_eyelid=0.963 D_iris=0.968 D_pupil=0.934 D_mean=0.955 p=10/20 [24.9m]
  ep 59 D_eyelid=0.965 D_iris=0.967 D_pupil=0.950 D_mean=0.960 *SAVED* [25.4m]
  ep 60 D_eyelid=0.966 D_iris=0.963 D_pupil=0.930 D_mean=0.953 p=1/20 [25.8m]
  ep 61 D_eyelid=0.966 D_iris=0.966 D_pupil=0.942 D_mean=0.958 p=2/20 [26.2m]
  ep 62 D_eyelid=0.966 D_iris=0.972 D_pupil=0.926 D_mean=0.955 p=3/20 [26.6m]
  ep 63 D_eyelid=0.968 D_iris=0.972 D_pupil=0.929 D_mean=0.956 p=4/20 [27.0m]
  ep 64 D_eyelid=0.969 D_iris=0.965 D_pupil=0.949 D_mean=0.961 *SAVED* [27.4m]
  ep 65 D_eyelid=0.968 D_iris=0.969 D_pupil=0.948 D_mean=0.962 *SAVED* [27.8m]
  ep 66 D_eyelid=0.968 D_iris=0.973 D_pupil=0.938 D_mean=0.960 p=1/20 [28.3m]
  ep 67 D_eyelid=0.967 D_iris=0.971 D_pupil=0.936 D_mean=0.958 p=2/20 [28.7m]
  ep 68 D_eyelid=0.968 D_iris=0.963 D_pupil=0.933 D_mean=0.955 p=3/20 [29.1m]
  ep 69 D_eyelid=0.969 D_iris=0.967 D_pupil=0.951 D_mean=0.962 *SAVED* [29.5m]
  ep 70 D_eyelid=0.967 D_iris=0.966 D_pupil=0.953 D_mean=0.962 p=1/20 [30.0m]
  ep 71 D_eyelid=0.969 D_iris=0.972 D_pupil=0.950 D_mean=0.964 *SAVED* [30.4m]
  ep 72 D_eyelid=0.967 D_iris=0.971 D_pupil=0.944 D_mean=0.961 p=1/20 [30.8m]
  ep 73 D_eyelid=0.968 D_iris=0.971 D_pupil=0.947 D_mean=0.962 p=2/20 [31.2m]
  ep 74 D_eyelid=0.970 D_iris=0.968 D_pupil=0.951 D_mean=0.963 p=3/20 [31.6m]
  ep 75 D_eyelid=0.967 D_iris=0.967 D_pupil=0.944 D_mean=0.959 p=4/20 [32.0m]
  ep 76 D_eyelid=0.967 D_iris=0.969 D_pupil=0.942 D_mean=0.959 p=5/20 [32.5m]
  ep 77 D_eyelid=0.970 D_iris=0.969 D_pupil=0.947 D_mean=0.962 p=6/20 [32.9m]
  ep 78 D_eyelid=0.969 D_iris=0.969 D_pupil=0.929 D_mean=0.956 p=7/20 [33.3m]
  ep 79 D_eyelid=0.970 D_iris=0.973 D_pupil=0.951 D_mean=0.965 *SAVED* [33.7m]
  ep 80 D_eyelid=0.968 D_iris=0.972 D_pupil=0.937 D_mean=0.959 p=1/20 [34.1m]
  ep 81 D_eyelid=0.971 D_iris=0.971 D_pupil=0.911 D_mean=0.951 p=2/20 [34.5m]
  ep 82 D_eyelid=0.970 D_iris=0.975 D_pupil=0.945 D_mean=0.964 p=3/20 [35.0m]
  ep 83 D_eyelid=0.969 D_iris=0.971 D_pupil=0.947 D_mean=0.963 p=4/20 [35.4m]
  ep 84 D_eyelid=0.967 D_iris=0.971 D_pupil=0.945 D_mean=0.961 p=5/20 [35.8m]
  ep 85 D_eyelid=0.970 D_iris=0.973 D_pupil=0.943 D_mean=0.962 p=6/20 [36.2m]
  ep 86 D_eyelid=0.969 D_iris=0.968 D_pupil=0.932 D_mean=0.956 p=7/20 [36.6m]
  ep 87 D_eyelid=0.965 D_iris=0.968 D_pupil=0.935 D_mean=0.956 p=8/20 [37.0m]
  ep 88 D_eyelid=0.969 D_iris=0.972 D_pupil=0.942 D_mean=0.961 p=9/20 [37.4m]
  ep 89 D_eyelid=0.970 D_iris=0.970 D_pupil=0.945 D_mean=0.962 p=10/20 [37.9m]
  ep 90 D_eyelid=0.971 D_iris=0.972 D_pupil=0.939 D_mean=0.960 p=11/20 [38.3m]
  ep 91 D_eyelid=0.970 D_iris=0.968 D_pupil=0.951 D_mean=0.963 p=12/20 [38.7m]
  ep 92 D_eyelid=0.971 D_iris=0.969 D_pupil=0.934 D_mean=0.958 p=13/20 [39.1m]
  ep 93 D_eyelid=0.970 D_iris=0.972 D_pupil=0.929 D_mean=0.957 p=14/20 [39.5m]
  ep 94 D_eyelid=0.971 D_iris=0.971 D_pupil=0.956 D_mean=0.966 *SAVED* [40.0m]
  ep 95 D_eyelid=0.970 D_iris=0.971 D_pupil=0.951 D_mean=0.964 p=1/20 [40.4m]
  ep 96 D_eyelid=0.971 D_iris=0.971 D_pupil=0.944 D_mean=0.962 p=2/20 [40.8m]
  ep 97 D_eyelid=0.970 D_iris=0.971 D_pupil=0.950 D_mean=0.964 p=3/20 [41.2m]
  ep 98 D_eyelid=0.970 D_iris=0.973 D_pupil=0.950 D_mean=0.964 p=4/20 [41.6m]
  ep 99 D_eyelid=0.972 D_iris=0.972 D_pupil=0.946 D_mean=0.963 p=5/20 [42.0m]
  ep100 D_eyelid=0.970 D_iris=0.968 D_pupil=0.948 D_mean=0.962 p=6/20 [42.5m]
  ep101 D_eyelid=0.971 D_iris=0.967 D_pupil=0.944 D_mean=0.961 p=7/20 [42.9m]
  ep102 D_eyelid=0.973 D_iris=0.975 D_pupil=0.941 D_mean=0.963 p=8/20 [43.3m]
  ep103 D_eyelid=0.971 D_iris=0.971 D_pupil=0.939 D_mean=0.960 p=9/20 [43.7m]
  ep104 D_eyelid=0.971 D_iris=0.969 D_pupil=0.941 D_mean=0.960 p=10/20 [44.1m]
  ep105 D_eyelid=0.971 D_iris=0.969 D_pupil=0.941 D_mean=0.960 p=11/20 [44.5m]
  ep106 D_eyelid=0.972 D_iris=0.970 D_pupil=0.948 D_mean=0.964 p=12/20 [45.0m]
  ep107 D_eyelid=0.971 D_iris=0.975 D_pupil=0.941 D_mean=0.963 p=13/20 [45.4m]
  ep108 D_eyelid=0.972 D_iris=0.976 D_pupil=0.953 D_mean=0.967 *SAVED* [45.8m]
  ep109 D_eyelid=0.972 D_iris=0.970 D_pupil=0.957 D_mean=0.966 p=1/20 [46.2m]
  ep110 D_eyelid=0.971 D_iris=0.969 D_pupil=0.947 D_mean=0.962 p=2/20 [46.6m]
  ep111 D_eyelid=0.971 D_iris=0.969 D_pupil=0.951 D_mean=0.964 p=3/20 [47.0m]
  ep112 D_eyelid=0.973 D_iris=0.966 D_pupil=0.933 D_mean=0.957 p=4/20 [47.5m]
  ep113 D_eyelid=0.972 D_iris=0.973 D_pupil=0.943 D_mean=0.963 p=5/20 [47.9m]
  ep114 D_eyelid=0.974 D_iris=0.969 D_pupil=0.951 D_mean=0.965 p=6/20 [48.3m]
  ep115 D_eyelid=0.970 D_iris=0.976 D_pupil=0.943 D_mean=0.963 p=7/20 [48.7m]
  ep116 D_eyelid=0.973 D_iris=0.972 D_pupil=0.949 D_mean=0.965 p=8/20 [49.1m]
  ep117 D_eyelid=0.972 D_iris=0.974 D_pupil=0.940 D_mean=0.962 p=9/20 [49.6m]
  ep118 D_eyelid=0.973 D_iris=0.969 D_pupil=0.937 D_mean=0.959 p=10/20 [50.0m]
  ep119 D_eyelid=0.971 D_iris=0.970 D_pupil=0.947 D_mean=0.963 p=11/20 [50.4m]
  ep120 D_eyelid=0.974 D_iris=0.972 D_pupil=0.937 D_mean=0.961 p=12/20 [50.8m]
  ep121 D_eyelid=0.974 D_iris=0.973 D_pupil=0.945 D_mean=0.964 p=13/20 [51.2m]
  ep122 D_eyelid=0.973 D_iris=0.973 D_pupil=0.960 D_mean=0.968 *SAVED* [51.6m]
  ep123 D_eyelid=0.973 D_iris=0.975 D_pupil=0.951 D_mean=0.966 p=1/20 [52.1m]
  ep124 D_eyelid=0.972 D_iris=0.972 D_pupil=0.950 D_mean=0.964 p=2/20 [52.5m]
  ep125 D_eyelid=0.973 D_iris=0.972 D_pupil=0.944 D_mean=0.963 p=3/20 [52.9m]
  ep126 D_eyelid=0.974 D_iris=0.975 D_pupil=0.955 D_mean=0.968 p=4/20 [53.3m]
  ep127 D_eyelid=0.972 D_iris=0.969 D_pupil=0.962 D_mean=0.968 p=5/20 [53.7m]
  ep128 D_eyelid=0.975 D_iris=0.973 D_pupil=0.949 D_mean=0.965 p=6/20 [54.1m]
  ep129 D_eyelid=0.974 D_iris=0.977 D_pupil=0.958 D_mean=0.970 *SAVED* [54.6m]
  ep130 D_eyelid=0.972 D_iris=0.975 D_pupil=0.946 D_mean=0.964 p=1/20 [55.0m]
  ep131 D_eyelid=0.971 D_iris=0.972 D_pupil=0.945 D_mean=0.963 p=2/20 [55.4m]
  ep132 D_eyelid=0.974 D_iris=0.968 D_pupil=0.935 D_mean=0.959 p=3/20 [55.8m]
  ep133 D_eyelid=0.975 D_iris=0.973 D_pupil=0.952 D_mean=0.967 p=4/20 [56.3m]
  ep134 D_eyelid=0.975 D_iris=0.977 D_pupil=0.943 D_mean=0.965 p=5/20 [56.7m]
  ep135 D_eyelid=0.975 D_iris=0.965 D_pupil=0.940 D_mean=0.960 p=6/20 [57.1m]
  ep136 D_eyelid=0.975 D_iris=0.971 D_pupil=0.956 D_mean=0.967 p=7/20 [57.5m]
  ep137 D_eyelid=0.976 D_iris=0.973 D_pupil=0.951 D_mean=0.967 p=8/20 [57.9m]
  ep138 D_eyelid=0.973 D_iris=0.967 D_pupil=0.957 D_mean=0.966 p=9/20 [58.3m]
  ep139 D_eyelid=0.972 D_iris=0.972 D_pupil=0.958 D_mean=0.967 p=10/20 [58.8m]
  ep140 D_eyelid=0.975 D_iris=0.976 D_pupil=0.957 D_mean=0.969 p=11/20 [59.2m]
  ep141 D_eyelid=0.975 D_iris=0.972 D_pupil=0.951 D_mean=0.966 p=12/20 [59.6m]
  ep142 D_eyelid=0.975 D_iris=0.977 D_pupil=0.960 D_mean=0.971 *SAVED* [60.0m]
  ep143 D_eyelid=0.974 D_iris=0.976 D_pupil=0.937 D_mean=0.962 p=1/20 [60.4m]
  ep144 D_eyelid=0.975 D_iris=0.977 D_pupil=0.960 D_mean=0.971 *SAVED* [60.8m]
  ep145 D_eyelid=0.975 D_iris=0.976 D_pupil=0.949 D_mean=0.967 p=1/20 [61.2m]
  ep146 D_eyelid=0.975 D_iris=0.974 D_pupil=0.953 D_mean=0.967 p=2/20 [61.7m]
  ep147 D_eyelid=0.975 D_iris=0.968 D_pupil=0.947 D_mean=0.963 p=3/20 [62.1m]
  ep148 D_eyelid=0.973 D_iris=0.975 D_pupil=0.951 D_mean=0.967 p=4/20 [62.5m]
  ep149 D_eyelid=0.974 D_iris=0.971 D_pupil=0.954 D_mean=0.967 p=5/20 [62.9m]
  ep150 D_eyelid=0.973 D_iris=0.975 D_pupil=0.949 D_mean=0.966 p=6/20 [63.3m]
  ep151 D_eyelid=0.973 D_iris=0.976 D_pupil=0.947 D_mean=0.965 p=7/20 [63.7m]
  ep152 D_eyelid=0.974 D_iris=0.977 D_pupil=0.957 D_mean=0.969 p=8/20 [64.1m]
  ep153 D_eyelid=0.974 D_iris=0.971 D_pupil=0.957 D_mean=0.967 p=9/20 [64.6m]
  ep154 D_eyelid=0.974 D_iris=0.974 D_pupil=0.952 D_mean=0.967 p=10/20 [65.0m]
  ep155 D_eyelid=0.971 D_iris=0.974 D_pupil=0.943 D_mean=0.963 p=11/20 [65.4m]
  ep156 D_eyelid=0.974 D_iris=0.973 D_pupil=0.951 D_mean=0.966 p=12/20 [65.8m]
  ep157 D_eyelid=0.971 D_iris=0.972 D_pupil=0.946 D_mean=0.963 p=13/20 [66.2m]
  ep158 D_eyelid=0.973 D_iris=0.973 D_pupil=0.944 D_mean=0.963 p=14/20 [66.6m]
  ep159 D_eyelid=0.972 D_iris=0.972 D_pupil=0.954 D_mean=0.966 p=15/20 [67.1m]
  ep160 D_eyelid=0.975 D_iris=0.977 D_pupil=0.952 D_mean=0.968 p=16/20 [67.5m]
  ep161 D_eyelid=0.975 D_iris=0.975 D_pupil=0.952 D_mean=0.967 p=17/20 [67.9m]
  ep162 D_eyelid=0.974 D_iris=0.975 D_pupil=0.945 D_mean=0.964 p=18/20 [68.3m]
  ep163 D_eyelid=0.974 D_iris=0.977 D_pupil=0.956 D_mean=0.969 p=19/20 [68.7m]
  ep164 D_eyelid=0.975 D_iris=0.973 D_pupil=0.953 D_mean=0.967 p=20/20 [69.1m]
  early stop (best ep144 mean=0.971)
[subset 500] DONE best_mean=0.9710 @ep144 -> outputs\models\seg500.pth
===== TRAIN seg1000 Tue Jun 16 10:21:25     2026 =====
C:\Users\CorneAI\Eyelid_HITL_experiment\.venv\Lib\site-packages\transformers\image_processing_base.py:417: UserWarning: The following named arguments are not valid for `SegformerImageProcessor.__init__` and were ignored: 'feature_extractor_type', 'reduce_labels'
  image_processor = cls(**image_processor_dict)
[subset 1000] images=1020 train=826 val=194 subjects=72 (val 14) device=cuda
Some weights of SegformerForSemanticSegmentation were not initialized from the model checkpoint at nvidia/segformer-b1-finetuned-ade-512-512 and are newly initialized because the shapes did not match:
- decode_head.classifier.weight: found shape torch.Size([150, 256, 1, 1]) in the checkpoint and torch.Size([3, 256, 1, 1]) in the model instantiated
- decode_head.classifier.bias: found shape torch.Size([150]) in the checkpoint and torch.Size([3]) in the model instantiated
You should probably TRAIN this model on a down-stream task to be able to use it for predictions and inference.
  ep  1 D_eyelid=0.796 D_iris=0.695 D_pupil=0.147 D_mean=0.546 *SAVED* [1.0m]
  ep  2 D_eyelid=0.840 D_iris=0.907 D_pupil=0.624 D_mean=0.791 *SAVED* [1.9m]
  ep  3 D_eyelid=0.870 D_iris=0.921 D_pupil=0.801 D_mean=0.864 *SAVED* [2.8m]
  ep  4 D_eyelid=0.890 D_iris=0.924 D_pupil=0.860 D_mean=0.891 *SAVED* [3.6m]
  ep  5 D_eyelid=0.878 D_iris=0.908 D_pupil=0.839 D_mean=0.875 p=1/20 [4.4m]
  ep  6 D_eyelid=0.909 D_iris=0.915 D_pupil=0.840 D_mean=0.888 p=2/20 [5.3m]
  ep  7 D_eyelid=0.915 D_iris=0.914 D_pupil=0.895 D_mean=0.908 *SAVED* [6.1m]
  ep  8 D_eyelid=0.925 D_iris=0.923 D_pupil=0.890 D_mean=0.913 *SAVED* [6.9m]
  ep  9 D_eyelid=0.925 D_iris=0.912 D_pupil=0.891 D_mean=0.910 p=1/20 [7.7m]
  ep 10 D_eyelid=0.945 D_iris=0.938 D_pupil=0.917 D_mean=0.933 *SAVED* [8.5m]
  ep 11 D_eyelid=0.952 D_iris=0.936 D_pupil=0.916 D_mean=0.935 *SAVED* [9.4m]
  ep 12 D_eyelid=0.952 D_iris=0.940 D_pupil=0.919 D_mean=0.937 *SAVED* [10.2m]
  ep 13 D_eyelid=0.953 D_iris=0.945 D_pupil=0.916 D_mean=0.938 *SAVED* [11.0m]
  ep 14 D_eyelid=0.955 D_iris=0.930 D_pupil=0.915 D_mean=0.934 p=1/20 [11.8m]
  ep 15 D_eyelid=0.958 D_iris=0.935 D_pupil=0.920 D_mean=0.938 p=2/20 [12.7m]
  ep 16 D_eyelid=0.958 D_iris=0.936 D_pupil=0.925 D_mean=0.940 *SAVED* [13.5m]
  ep 17 D_eyelid=0.959 D_iris=0.935 D_pupil=0.921 D_mean=0.938 p=1/20 [14.3m]
  ep 18 D_eyelid=0.961 D_iris=0.940 D_pupil=0.926 D_mean=0.942 *SAVED* [15.2m]
  ep 19 D_eyelid=0.963 D_iris=0.948 D_pupil=0.925 D_mean=0.945 *SAVED* [16.0m]
  ep 20 D_eyelid=0.963 D_iris=0.939 D_pupil=0.928 D_mean=0.943 p=1/20 [16.8m]
  ep 21 D_eyelid=0.961 D_iris=0.950 D_pupil=0.934 D_mean=0.948 *SAVED* [17.6m]
  ep 22 D_eyelid=0.964 D_iris=0.950 D_pupil=0.923 D_mean=0.946 p=1/20 [18.4m]
  ep 23 D_eyelid=0.965 D_iris=0.951 D_pupil=0.928 D_mean=0.948 p=2/20 [19.2m]
  ep 24 D_eyelid=0.966 D_iris=0.949 D_pupil=0.938 D_mean=0.951 *SAVED* [20.1m]
  ep 25 D_eyelid=0.965 D_iris=0.950 D_pupil=0.934 D_mean=0.950 p=1/20 [20.9m]
  ep 26 D_eyelid=0.968 D_iris=0.950 D_pupil=0.936 D_mean=0.951 *SAVED* [21.7m]
  ep 27 D_eyelid=0.965 D_iris=0.949 D_pupil=0.934 D_mean=0.949 p=1/20 [22.5m]
  ep 28 D_eyelid=0.968 D_iris=0.952 D_pupil=0.933 D_mean=0.951 *SAVED* [23.4m]
  ep 29 D_eyelid=0.969 D_iris=0.954 D_pupil=0.939 D_mean=0.954 *SAVED* [24.2m]
  ep 30 D_eyelid=0.967 D_iris=0.954 D_pupil=0.934 D_mean=0.952 p=1/20 [25.0m]
  ep 31 D_eyelid=0.968 D_iris=0.956 D_pupil=0.936 D_mean=0.953 p=2/20 [25.8m]
  ep 32 D_eyelid=0.967 D_iris=0.950 D_pupil=0.924 D_mean=0.947 p=3/20 [26.6m]
  ep 33 D_eyelid=0.969 D_iris=0.956 D_pupil=0.935 D_mean=0.953 p=4/20 [27.5m]
  ep 34 D_eyelid=0.970 D_iris=0.954 D_pupil=0.931 D_mean=0.952 p=5/20 [28.3m]
  ep 35 D_eyelid=0.969 D_iris=0.954 D_pupil=0.931 D_mean=0.951 p=6/20 [29.1m]
  ep 36 D_eyelid=0.969 D_iris=0.953 D_pupil=0.932 D_mean=0.951 p=7/20 [29.9m]
  ep 37 D_eyelid=0.970 D_iris=0.951 D_pupil=0.937 D_mean=0.953 p=8/20 [30.7m]
  ep 38 D_eyelid=0.969 D_iris=0.950 D_pupil=0.937 D_mean=0.952 p=9/20 [31.5m]
  ep 39 D_eyelid=0.969 D_iris=0.939 D_pupil=0.933 D_mean=0.947 p=10/20 [32.5m]
  ep 40 D_eyelid=0.972 D_iris=0.953 D_pupil=0.944 D_mean=0.956 *SAVED* [33.6m]
  ep 41 D_eyelid=0.972 D_iris=0.953 D_pupil=0.943 D_mean=0.956 p=1/20 [34.7m]
  ep 42 D_eyelid=0.972 D_iris=0.954 D_pupil=0.945 D_mean=0.957 *SAVED* [35.9m]
  ep 43 D_eyelid=0.971 D_iris=0.952 D_pupil=0.939 D_mean=0.954 p=1/20 [37.1m]
  ep 44 D_eyelid=0.970 D_iris=0.953 D_pupil=0.945 D_mean=0.956 p=2/20 [38.3m]
  ep 45 D_eyelid=0.973 D_iris=0.957 D_pupil=0.941 D_mean=0.957 p=3/20 [39.5m]
  ep 46 D_eyelid=0.971 D_iris=0.955 D_pupil=0.938 D_mean=0.955 p=4/20 [40.6m]
  ep 47 D_eyelid=0.973 D_iris=0.958 D_pupil=0.940 D_mean=0.957 p=5/20 [41.7m]
  ep 48 D_eyelid=0.972 D_iris=0.955 D_pupil=0.943 D_mean=0.957 p=6/20 [42.9m]
  ep 49 D_eyelid=0.974 D_iris=0.957 D_pupil=0.939 D_mean=0.957 p=7/20 [44.0m]
  ep 50 D_eyelid=0.974 D_iris=0.956 D_pupil=0.944 D_mean=0.958 *SAVED* [45.1m]
  ep 51 D_eyelid=0.973 D_iris=0.961 D_pupil=0.944 D_mean=0.959 *SAVED* [46.2m]
  ep 52 D_eyelid=0.974 D_iris=0.957 D_pupil=0.939 D_mean=0.956 p=1/20 [47.5m]
  ep 53 D_eyelid=0.974 D_iris=0.959 D_pupil=0.938 D_mean=0.957 p=2/20 [48.6m]
  ep 54 D_eyelid=0.974 D_iris=0.958 D_pupil=0.939 D_mean=0.957 p=3/20 [49.7m]
  ep 55 D_eyelid=0.975 D_iris=0.953 D_pupil=0.940 D_mean=0.956 p=4/20 [50.8m]
  ep 56 D_eyelid=0.973 D_iris=0.954 D_pupil=0.940 D_mean=0.955 p=5/20 [51.8m]
  ep 57 D_eyelid=0.974 D_iris=0.960 D_pupil=0.941 D_mean=0.958 p=6/20 [52.9m]
  ep 58 D_eyelid=0.974 D_iris=0.957 D_pupil=0.946 D_mean=0.959 p=7/20 [54.0m]
  ep 59 D_eyelid=0.974 D_iris=0.959 D_pupil=0.946 D_mean=0.960 *SAVED* [55.1m]
  ep 60 D_eyelid=0.975 D_iris=0.955 D_pupil=0.942 D_mean=0.958 p=1/20 [56.2m]
  ep 61 D_eyelid=0.975 D_iris=0.957 D_pupil=0.940 D_mean=0.957 p=2/20 [57.4m]
  ep 62 D_eyelid=0.974 D_iris=0.953 D_pupil=0.939 D_mean=0.955 p=3/20 [58.5m]
  ep 63 D_eyelid=0.972 D_iris=0.958 D_pupil=0.946 D_mean=0.959 p=4/20 [59.6m]
  ep 64 D_eyelid=0.974 D_iris=0.958 D_pupil=0.944 D_mean=0.959 p=5/20 [60.7m]
  ep 65 D_eyelid=0.975 D_iris=0.958 D_pupil=0.941 D_mean=0.958 p=6/20 [61.8m]
  ep 66 D_eyelid=0.974 D_iris=0.958 D_pupil=0.944 D_mean=0.958 p=7/20 [63.0m]
  ep 67 D_eyelid=0.973 D_iris=0.959 D_pupil=0.944 D_mean=0.959 p=8/20 [64.1m]
  ep 68 D_eyelid=0.974 D_iris=0.960 D_pupil=0.942 D_mean=0.958 p=9/20 [65.2m]
  ep 69 D_eyelid=0.974 D_iris=0.958 D_pupil=0.944 D_mean=0.959 p=10/20 [66.3m]
  ep 70 D_eyelid=0.976 D_iris=0.960 D_pupil=0.944 D_mean=0.960 *SAVED* [67.4m]
  ep 71 D_eyelid=0.974 D_iris=0.960 D_pupil=0.946 D_mean=0.960 *SAVED* [68.5m]
  ep 72 D_eyelid=0.973 D_iris=0.960 D_pupil=0.947 D_mean=0.960 *SAVED* [69.6m]
  ep 73 D_eyelid=0.974 D_iris=0.959 D_pupil=0.941 D_mean=0.958 p=1/20 [70.7m]
  ep 74 D_eyelid=0.975 D_iris=0.959 D_pupil=0.946 D_mean=0.960 *SAVED* [71.9m]
  ep 75 D_eyelid=0.973 D_iris=0.958 D_pupil=0.941 D_mean=0.957 p=1/20 [72.9m]
  ep 76 D_eyelid=0.974 D_iris=0.957 D_pupil=0.943 D_mean=0.958 p=2/20 [74.1m]
  ep 77 D_eyelid=0.973 D_iris=0.959 D_pupil=0.941 D_mean=0.958 p=3/20 [75.1m]
  ep 78 D_eyelid=0.976 D_iris=0.958 D_pupil=0.946 D_mean=0.960 p=4/20 [76.2m]
  ep 79 D_eyelid=0.976 D_iris=0.962 D_pupil=0.943 D_mean=0.960 *SAVED* [77.2m]
  ep 80 D_eyelid=0.976 D_iris=0.959 D_pupil=0.946 D_mean=0.960 *SAVED* [78.3m]
  ep 81 D_eyelid=0.975 D_iris=0.959 D_pupil=0.943 D_mean=0.959 p=1/20 [79.4m]
  ep 82 D_eyelid=0.975 D_iris=0.961 D_pupil=0.940 D_mean=0.959 p=2/20 [80.6m]
  ep 83 D_eyelid=0.976 D_iris=0.960 D_pupil=0.946 D_mean=0.961 *SAVED* [81.6m]
  ep 84 D_eyelid=0.973 D_iris=0.961 D_pupil=0.942 D_mean=0.959 p=1/20 [82.8m]
  ep 85 D_eyelid=0.976 D_iris=0.960 D_pupil=0.943 D_mean=0.960 p=2/20 [83.9m]
  ep 86 D_eyelid=0.974 D_iris=0.960 D_pupil=0.944 D_mean=0.959 p=3/20 [85.0m]
  ep 87 D_eyelid=0.977 D_iris=0.963 D_pupil=0.944 D_mean=0.961 *SAVED* [86.2m]
  ep 88 D_eyelid=0.977 D_iris=0.963 D_pupil=0.938 D_mean=0.959 p=1/20 [87.3m]
  ep 89 D_eyelid=0.976 D_iris=0.960 D_pupil=0.947 D_mean=0.961 p=2/20 [88.5m]
  ep 90 D_eyelid=0.976 D_iris=0.963 D_pupil=0.945 D_mean=0.961 *SAVED* [89.7m]
  ep 91 D_eyelid=0.976 D_iris=0.961 D_pupil=0.944 D_mean=0.960 p=1/20 [90.8m]
  ep 92 D_eyelid=0.976 D_iris=0.956 D_pupil=0.947 D_mean=0.960 p=2/20 [91.9m]
  ep 93 D_eyelid=0.977 D_iris=0.961 D_pupil=0.946 D_mean=0.961 p=3/20 [93.0m]
  ep 94 D_eyelid=0.976 D_iris=0.963 D_pupil=0.949 D_mean=0.963 *SAVED* [94.1m]
  ep 95 D_eyelid=0.977 D_iris=0.957 D_pupil=0.946 D_mean=0.960 p=1/20 [95.2m]
  ep 96 D_eyelid=0.977 D_iris=0.962 D_pupil=0.938 D_mean=0.959 p=2/20 [96.2m]
  ep 97 D_eyelid=0.977 D_iris=0.961 D_pupil=0.945 D_mean=0.961 p=3/20 [97.4m]
  ep 98 D_eyelid=0.976 D_iris=0.964 D_pupil=0.951 D_mean=0.964 *SAVED* [98.5m]
  ep 99 D_eyelid=0.977 D_iris=0.954 D_pupil=0.947 D_mean=0.959 p=1/20 [99.6m]
  ep100 D_eyelid=0.977 D_iris=0.958 D_pupil=0.940 D_mean=0.958 p=2/20 [100.7m]
  ep101 D_eyelid=0.976 D_iris=0.961 D_pupil=0.942 D_mean=0.960 p=3/20 [101.8m]
  ep102 D_eyelid=0.977 D_iris=0.959 D_pupil=0.945 D_mean=0.960 p=4/20 [102.9m]
  ep103 D_eyelid=0.977 D_iris=0.963 D_pupil=0.948 D_mean=0.963 p=5/20 [104.2m]
  ep104 D_eyelid=0.977 D_iris=0.960 D_pupil=0.950 D_mean=0.963 p=6/20 [105.7m]
  ep105 D_eyelid=0.978 D_iris=0.962 D_pupil=0.948 D_mean=0.962 p=7/20 [107.1m]
  ep106 D_eyelid=0.978 D_iris=0.963 D_pupil=0.946 D_mean=0.962 p=8/20 [108.3m]
  ep107 D_eyelid=0.978 D_iris=0.961 D_pupil=0.943 D_mean=0.960 p=9/20 [109.4m]
  ep108 D_eyelid=0.977 D_iris=0.963 D_pupil=0.949 D_mean=0.963 p=10/20 [110.5m]
  ep109 D_eyelid=0.978 D_iris=0.962 D_pupil=0.945 D_mean=0.962 p=11/20 [111.7m]
  ep110 D_eyelid=0.978 D_iris=0.962 D_pupil=0.947 D_mean=0.963 p=12/20 [112.8m]
  ep111 D_eyelid=0.977 D_iris=0.962 D_pupil=0.944 D_mean=0.961 p=13/20 [114.0m]
  ep112 D_eyelid=0.978 D_iris=0.964 D_pupil=0.946 D_mean=0.962 p=14/20 [115.1m]
  ep113 D_eyelid=0.977 D_iris=0.962 D_pupil=0.944 D_mean=0.961 p=15/20 [116.3m]
  ep114 D_eyelid=0.978 D_iris=0.963 D_pupil=0.939 D_mean=0.960 p=16/20 [117.2m]
  ep115 D_eyelid=0.977 D_iris=0.963 D_pupil=0.946 D_mean=0.962 p=17/20 [118.0m]
  ep116 D_eyelid=0.978 D_iris=0.963 D_pupil=0.942 D_mean=0.961 p=18/20 [118.8m]
  ep117 D_eyelid=0.977 D_iris=0.964 D_pupil=0.949 D_mean=0.964 p=19/20 [119.5m]
  ep118 D_eyelid=0.977 D_iris=0.961 D_pupil=0.946 D_mean=0.961 p=20/20 [120.3m]
  early stop (best ep98 mean=0.964)
[subset 1000] DONE best_mean=0.9636 @ep98 -> outputs\models\seg1000.pth
===== TRAIN seg1500 Tue Jun 16 12:21:55     2026 =====
C:\Users\CorneAI\Eyelid_HITL_experiment\.venv\Lib\site-packages\transformers\image_processing_base.py:417: UserWarning: The following named arguments are not valid for `SegformerImageProcessor.__init__` and were ignored: 'feature_extractor_type', 'reduce_labels'
  image_processor = cls(**image_processor_dict)
[subset 1500] images=1505 train=1248 val=257 subjects=97 (val 19) device=cuda
Some weights of SegformerForSemanticSegmentation were not initialized from the model checkpoint at nvidia/segformer-b1-finetuned-ade-512-512 and are newly initialized because the shapes did not match:
- decode_head.classifier.weight: found shape torch.Size([150, 256, 1, 1]) in the checkpoint and torch.Size([3, 256, 1, 1]) in the model instantiated
- decode_head.classifier.bias: found shape torch.Size([150]) in the checkpoint and torch.Size([3]) in the model instantiated
You should probably TRAIN this model on a down-stream task to be able to use it for predictions and inference.
  ep  1 D_eyelid=0.734 D_iris=0.649 D_pupil=0.339 D_mean=0.574 *SAVED* [1.2m]
  ep  2 D_eyelid=0.844 D_iris=0.805 D_pupil=0.575 D_mean=0.742 *SAVED* [2.4m]
  ep  3 D_eyelid=0.893 D_iris=0.864 D_pupil=0.739 D_mean=0.832 *SAVED* [3.5m]
  ep  4 D_eyelid=0.908 D_iris=0.884 D_pupil=0.833 D_mean=0.875 *SAVED* [4.7m]
  ep  5 D_eyelid=0.906 D_iris=0.895 D_pupil=0.806 D_mean=0.869 p=1/20 [5.8m]
  ep  6 D_eyelid=0.928 D_iris=0.906 D_pupil=0.855 D_mean=0.896 *SAVED* [6.9m]
  ep  7 D_eyelid=0.930 D_iris=0.910 D_pupil=0.883 D_mean=0.908 *SAVED* [8.0m]
  ep  8 D_eyelid=0.943 D_iris=0.912 D_pupil=0.895 D_mean=0.917 *SAVED* [9.2m]
  ep  9 D_eyelid=0.943 D_iris=0.919 D_pupil=0.891 D_mean=0.918 *SAVED* [10.3m]
  ep 10 D_eyelid=0.952 D_iris=0.929 D_pupil=0.899 D_mean=0.927 *SAVED* [11.4m]
  ep 11 D_eyelid=0.956 D_iris=0.931 D_pupil=0.889 D_mean=0.925 p=1/20 [12.5m]
  ep 12 D_eyelid=0.956 D_iris=0.934 D_pupil=0.901 D_mean=0.930 *SAVED* [13.6m]
  ep 13 D_eyelid=0.957 D_iris=0.935 D_pupil=0.902 D_mean=0.931 *SAVED* [14.7m]
  ep 14 D_eyelid=0.960 D_iris=0.939 D_pupil=0.900 D_mean=0.933 *SAVED* [15.9m]
  ep 15 D_eyelid=0.961 D_iris=0.941 D_pupil=0.899 D_mean=0.933 *SAVED* [17.0m]
  ep 16 D_eyelid=0.960 D_iris=0.941 D_pupil=0.904 D_mean=0.935 *SAVED* [18.1m]
  ep 17 D_eyelid=0.961 D_iris=0.943 D_pupil=0.902 D_mean=0.935 *SAVED* [19.2m]
  ep 18 D_eyelid=0.963 D_iris=0.944 D_pupil=0.901 D_mean=0.936 *SAVED* [20.3m]
  ep 19 D_eyelid=0.963 D_iris=0.943 D_pupil=0.907 D_mean=0.938 *SAVED* [21.4m]
  ep 20 D_eyelid=0.964 D_iris=0.944 D_pupil=0.916 D_mean=0.941 *SAVED* [22.5m]
  ep 21 D_eyelid=0.967 D_iris=0.946 D_pupil=0.907 D_mean=0.940 p=1/20 [23.7m]
  ep 22 D_eyelid=0.964 D_iris=0.948 D_pupil=0.916 D_mean=0.943 *SAVED* [24.8m]
  ep 23 D_eyelid=0.964 D_iris=0.941 D_pupil=0.917 D_mean=0.941 p=1/20 [25.9m]
  ep 24 D_eyelid=0.967 D_iris=0.939 D_pupil=0.904 D_mean=0.937 p=2/20 [27.0m]
  ep 25 D_eyelid=0.967 D_iris=0.945 D_pupil=0.909 D_mean=0.940 p=3/20 [28.1m]
  ep 26 D_eyelid=0.967 D_iris=0.947 D_pupil=0.910 D_mean=0.941 p=4/20 [29.2m]
  ep 27 D_eyelid=0.969 D_iris=0.942 D_pupil=0.908 D_mean=0.940 p=5/20 [30.4m]
  ep 28 D_eyelid=0.968 D_iris=0.946 D_pupil=0.910 D_mean=0.941 p=6/20 [31.5m]
  ep 29 D_eyelid=0.969 D_iris=0.950 D_pupil=0.917 D_mean=0.945 *SAVED* [32.6m]
  ep 30 D_eyelid=0.970 D_iris=0.951 D_pupil=0.915 D_mean=0.945 p=1/20 [33.7m]
  ep 31 D_eyelid=0.969 D_iris=0.946 D_pupil=0.909 D_mean=0.941 p=2/20 [34.8m]
  ep 32 D_eyelid=0.970 D_iris=0.946 D_pupil=0.913 D_mean=0.943 p=3/20 [35.9m]
  ep 33 D_eyelid=0.971 D_iris=0.949 D_pupil=0.915 D_mean=0.945 p=4/20 [37.0m]
  ep 34 D_eyelid=0.971 D_iris=0.948 D_pupil=0.907 D_mean=0.942 p=5/20 [38.2m]
  ep 35 D_eyelid=0.970 D_iris=0.943 D_pupil=0.911 D_mean=0.942 p=6/20 [39.3m]
  ep 36 D_eyelid=0.970 D_iris=0.946 D_pupil=0.916 D_mean=0.944 p=7/20 [40.4m]
  ep 37 D_eyelid=0.971 D_iris=0.943 D_pupil=0.907 D_mean=0.940 p=8/20 [41.5m]
  ep 38 D_eyelid=0.972 D_iris=0.945 D_pupil=0.904 D_mean=0.940 p=9/20 [42.7m]
  ep 39 D_eyelid=0.972 D_iris=0.951 D_pupil=0.911 D_mean=0.945 p=10/20 [43.8m]
  ep 40 D_eyelid=0.973 D_iris=0.952 D_pupil=0.917 D_mean=0.947 *SAVED* [45.0m]
  ep 41 D_eyelid=0.973 D_iris=0.951 D_pupil=0.919 D_mean=0.948 *SAVED* [46.1m]
  ep 42 D_eyelid=0.973 D_iris=0.953 D_pupil=0.914 D_mean=0.946 p=1/20 [47.3m]
  ep 43 D_eyelid=0.972 D_iris=0.952 D_pupil=0.916 D_mean=0.947 p=2/20 [48.4m]
  ep 44 D_eyelid=0.973 D_iris=0.952 D_pupil=0.918 D_mean=0.948 *SAVED* [49.6m]
  ep 45 D_eyelid=0.973 D_iris=0.953 D_pupil=0.909 D_mean=0.945 p=1/20 [50.7m]
  ep 46 D_eyelid=0.973 D_iris=0.953 D_pupil=0.918 D_mean=0.948 *SAVED* [51.9m]
  ep 47 D_eyelid=0.973 D_iris=0.954 D_pupil=0.923 D_mean=0.950 *SAVED* [53.0m]
  ep 48 D_eyelid=0.973 D_iris=0.954 D_pupil=0.924 D_mean=0.950 *SAVED* [54.2m]
  ep 49 D_eyelid=0.972 D_iris=0.953 D_pupil=0.924 D_mean=0.950 p=1/20 [55.3m]
  ep 50 D_eyelid=0.972 D_iris=0.954 D_pupil=0.918 D_mean=0.948 p=2/20 [56.5m]
  ep 51 D_eyelid=0.973 D_iris=0.955 D_pupil=0.922 D_mean=0.950 p=3/20 [57.7m]
  ep 52 D_eyelid=0.974 D_iris=0.954 D_pupil=0.917 D_mean=0.948 p=4/20 [58.8m]
  ep 53 D_eyelid=0.974 D_iris=0.951 D_pupil=0.916 D_mean=0.947 p=5/20 [59.9m]
  ep 54 D_eyelid=0.973 D_iris=0.952 D_pupil=0.918 D_mean=0.948 p=6/20 [61.1m]
  ep 55 D_eyelid=0.974 D_iris=0.954 D_pupil=0.921 D_mean=0.949 p=7/20 [62.2m]
  ep 56 D_eyelid=0.975 D_iris=0.955 D_pupil=0.916 D_mean=0.948 p=8/20 [63.3m]
  ep 57 D_eyelid=0.974 D_iris=0.955 D_pupil=0.915 D_mean=0.948 p=9/20 [64.4m]
  ep 58 D_eyelid=0.974 D_iris=0.954 D_pupil=0.920 D_mean=0.950 p=10/20 [65.6m]
  ep 59 D_eyelid=0.975 D_iris=0.956 D_pupil=0.920 D_mean=0.950 *SAVED* [66.7m]
  ep 60 D_eyelid=0.975 D_iris=0.955 D_pupil=0.925 D_mean=0.952 *SAVED* [67.8m]
  ep 61 D_eyelid=0.974 D_iris=0.958 D_pupil=0.924 D_mean=0.952 *SAVED* [69.0m]
  ep 62 D_eyelid=0.975 D_iris=0.957 D_pupil=0.919 D_mean=0.950 p=1/20 [70.1m]
  ep 63 D_eyelid=0.975 D_iris=0.955 D_pupil=0.925 D_mean=0.952 p=2/20 [71.2m]
  ep 64 D_eyelid=0.975 D_iris=0.957 D_pupil=0.925 D_mean=0.952 *SAVED* [72.3m]
  ep 65 D_eyelid=0.975 D_iris=0.958 D_pupil=0.918 D_mean=0.950 p=1/20 [73.5m]
  ep 66 D_eyelid=0.974 D_iris=0.955 D_pupil=0.915 D_mean=0.948 p=2/20 [74.6m]
  ep 67 D_eyelid=0.974 D_iris=0.958 D_pupil=0.919 D_mean=0.951 p=3/20 [75.7m]
  ep 68 D_eyelid=0.975 D_iris=0.957 D_pupil=0.917 D_mean=0.950 p=4/20 [76.8m]
  ep 69 D_eyelid=0.974 D_iris=0.955 D_pupil=0.925 D_mean=0.951 p=5/20 [77.9m]
  ep 70 D_eyelid=0.975 D_iris=0.956 D_pupil=0.916 D_mean=0.949 p=6/20 [79.0m]
  ep 71 D_eyelid=0.975 D_iris=0.953 D_pupil=0.911 D_mean=0.946 p=7/20 [80.2m]
  ep 72 D_eyelid=0.974 D_iris=0.958 D_pupil=0.914 D_mean=0.949 p=8/20 [81.3m]
  ep 73 D_eyelid=0.974 D_iris=0.957 D_pupil=0.922 D_mean=0.951 p=9/20 [82.4m]
  ep 74 D_eyelid=0.976 D_iris=0.956 D_pupil=0.920 D_mean=0.951 p=10/20 [83.5m]
  ep 75 D_eyelid=0.974 D_iris=0.958 D_pupil=0.922 D_mean=0.951 p=11/20 [84.7m]
  ep 76 D_eyelid=0.972 D_iris=0.959 D_pupil=0.925 D_mean=0.952 p=12/20 [85.8m]
  ep 77 D_eyelid=0.972 D_iris=0.958 D_pupil=0.920 D_mean=0.950 p=13/20 [86.9m]
  ep 78 D_eyelid=0.976 D_iris=0.957 D_pupil=0.913 D_mean=0.949 p=14/20 [88.0m]
  ep 79 D_eyelid=0.976 D_iris=0.957 D_pupil=0.922 D_mean=0.952 p=15/20 [89.2m]
  ep 80 D_eyelid=0.976 D_iris=0.956 D_pupil=0.908 D_mean=0.947 p=16/20 [90.3m]
  ep 81 D_eyelid=0.976 D_iris=0.957 D_pupil=0.916 D_mean=0.950 p=17/20 [91.4m]
  ep 82 D_eyelid=0.977 D_iris=0.958 D_pupil=0.919 D_mean=0.951 p=18/20 [92.6m]
  ep 83 D_eyelid=0.975 D_iris=0.956 D_pupil=0.921 D_mean=0.951 p=19/20 [93.7m]
  ep 84 D_eyelid=0.976 D_iris=0.960 D_pupil=0.925 D_mean=0.953 *SAVED* [94.8m]
  ep 85 D_eyelid=0.975 D_iris=0.958 D_pupil=0.921 D_mean=0.951 p=1/20 [95.9m]
  ep 86 D_eyelid=0.976 D_iris=0.958 D_pupil=0.922 D_mean=0.952 p=2/20 [97.1m]
  ep 87 D_eyelid=0.977 D_iris=0.958 D_pupil=0.918 D_mean=0.951 p=3/20 [98.2m]
  ep 88 D_eyelid=0.977 D_iris=0.957 D_pupil=0.913 D_mean=0.949 p=4/20 [99.3m]
  ep 89 D_eyelid=0.976 D_iris=0.958 D_pupil=0.925 D_mean=0.953 p=5/20 [100.5m]
  ep 90 D_eyelid=0.977 D_iris=0.959 D_pupil=0.923 D_mean=0.953 p=6/20 [101.6m]
  ep 91 D_eyelid=0.977 D_iris=0.955 D_pupil=0.927 D_mean=0.953 p=7/20 [102.7m]
  ep 92 D_eyelid=0.977 D_iris=0.956 D_pupil=0.927 D_mean=0.953 p=8/20 [103.8m]
  ep 93 D_eyelid=0.976 D_iris=0.959 D_pupil=0.921 D_mean=0.952 p=9/20 [104.9m]
  ep 94 D_eyelid=0.976 D_iris=0.959 D_pupil=0.922 D_mean=0.952 p=10/20 [106.1m]
  ep 95 D_eyelid=0.976 D_iris=0.957 D_pupil=0.920 D_mean=0.951 p=11/20 [107.2m]
  ep 96 D_eyelid=0.977 D_iris=0.961 D_pupil=0.912 D_mean=0.950 p=12/20 [108.3m]
  ep 97 D_eyelid=0.977 D_iris=0.960 D_pupil=0.917 D_mean=0.952 p=13/20 [109.4m]
  ep 98 D_eyelid=0.978 D_iris=0.959 D_pupil=0.921 D_mean=0.952 p=14/20 [110.5m]
  ep 99 D_eyelid=0.977 D_iris=0.957 D_pupil=0.924 D_mean=0.953 p=15/20 [111.7m]
  ep100 D_eyelid=0.978 D_iris=0.960 D_pupil=0.918 D_mean=0.952 p=16/20 [112.8m]
  ep101 D_eyelid=0.975 D_iris=0.956 D_pupil=0.920 D_mean=0.951 p=17/20 [113.9m]
  ep102 D_eyelid=0.976 D_iris=0.960 D_pupil=0.924 D_mean=0.953 p=18/20 [115.0m]
  ep103 D_eyelid=0.978 D_iris=0.961 D_pupil=0.921 D_mean=0.953 p=19/20 [116.2m]
  ep104 D_eyelid=0.977 D_iris=0.961 D_pupil=0.918 D_mean=0.952 p=20/20 [117.3m]
  early stop (best ep84 mean=0.953)
[subset 1500] DONE best_mean=0.9535 @ep84 -> outputs\models\seg1500.pth
===== TRAIN seg2000 Tue Jun 16 14:19:27     2026 =====
C:\Users\CorneAI\Eyelid_HITL_experiment\.venv\Lib\site-packages\transformers\image_processing_base.py:417: UserWarning: The following named arguments are not valid for `SegformerImageProcessor.__init__` and were ignored: 'feature_extractor_type', 'reduce_labels'
  image_processor = cls(**image_processor_dict)
[subset 2000] images=2007 train=1489 val=518 subjects=134 (val 26) device=cuda
Some weights of SegformerForSemanticSegmentation were not initialized from the model checkpoint at nvidia/segformer-b1-finetuned-ade-512-512 and are newly initialized because the shapes did not match:
- decode_head.classifier.weight: found shape torch.Size([150, 256, 1, 1]) in the checkpoint and torch.Size([3, 256, 1, 1]) in the model instantiated
- decode_head.classifier.bias: found shape torch.Size([150]) in the checkpoint and torch.Size([3]) in the model instantiated
You should probably TRAIN this model on a down-stream task to be able to use it for predictions and inference.
  ep  1 D_eyelid=0.755 D_iris=0.569 D_pupil=0.473 D_mean=0.599 *SAVED* [1.7m]
  ep  2 D_eyelid=0.840 D_iris=0.763 D_pupil=0.703 D_mean=0.769 *SAVED* [3.2m]
  ep  3 D_eyelid=0.795 D_iris=0.817 D_pupil=0.748 D_mean=0.786 *SAVED* [4.6m]
  ep  4 D_eyelid=0.887 D_iris=0.886 D_pupil=0.847 D_mean=0.873 *SAVED* [6.1m]
  ep  5 D_eyelid=0.915 D_iris=0.911 D_pupil=0.899 D_mean=0.908 *SAVED* [7.6m]
  ep  6 D_eyelid=0.926 D_iris=0.919 D_pupil=0.906 D_mean=0.917 *SAVED* [9.0m]
  ep  7 D_eyelid=0.929 D_iris=0.925 D_pupil=0.908 D_mean=0.921 *SAVED* [10.5m]
  ep  8 D_eyelid=0.942 D_iris=0.931 D_pupil=0.917 D_mean=0.930 *SAVED* [11.9m]
  ep  9 D_eyelid=0.939 D_iris=0.931 D_pupil=0.918 D_mean=0.929 p=1/20 [13.4m]
  ep 10 D_eyelid=0.946 D_iris=0.938 D_pupil=0.922 D_mean=0.935 *SAVED* [14.8m]
  ep 11 D_eyelid=0.949 D_iris=0.936 D_pupil=0.913 D_mean=0.933 p=1/20 [16.3m]
  ep 12 D_eyelid=0.952 D_iris=0.939 D_pupil=0.918 D_mean=0.936 *SAVED* [17.8m]
  ep 13 D_eyelid=0.954 D_iris=0.944 D_pupil=0.918 D_mean=0.939 *SAVED* [19.2m]
  ep 14 D_eyelid=0.953 D_iris=0.939 D_pupil=0.919 D_mean=0.937 p=1/20 [20.7m]
  ep 15 D_eyelid=0.952 D_iris=0.941 D_pupil=0.923 D_mean=0.939 *SAVED* [22.2m]
  ep 16 D_eyelid=0.954 D_iris=0.944 D_pupil=0.924 D_mean=0.941 *SAVED* [23.6m]
  ep 17 D_eyelid=0.955 D_iris=0.947 D_pupil=0.911 D_mean=0.937 p=1/20 [25.1m]
  ep 18 D_eyelid=0.960 D_iris=0.944 D_pupil=0.917 D_mean=0.940 p=2/20 [26.5m]
  ep 19 D_eyelid=0.958 D_iris=0.948 D_pupil=0.914 D_mean=0.940 p=3/20 [28.0m]
  ep 20 D_eyelid=0.961 D_iris=0.949 D_pupil=0.929 D_mean=0.946 *SAVED* [29.5m]
  ep 21 D_eyelid=0.961 D_iris=0.951 D_pupil=0.917 D_mean=0.943 p=1/20 [31.0m]
  ep 22 D_eyelid=0.960 D_iris=0.951 D_pupil=0.927 D_mean=0.946 p=2/20 [32.4m]
  ep 23 D_eyelid=0.960 D_iris=0.952 D_pupil=0.929 D_mean=0.947 *SAVED* [33.9m]
  ep 24 D_eyelid=0.963 D_iris=0.954 D_pupil=0.929 D_mean=0.948 *SAVED* [35.3m]
  ep 25 D_eyelid=0.964 D_iris=0.954 D_pupil=0.935 D_mean=0.951 *SAVED* [36.7m]
  ep 26 D_eyelid=0.964 D_iris=0.954 D_pupil=0.936 D_mean=0.951 *SAVED* [38.2m]
  ep 27 D_eyelid=0.963 D_iris=0.946 D_pupil=0.933 D_mean=0.947 p=1/20 [39.6m]
  ep 28 D_eyelid=0.965 D_iris=0.955 D_pupil=0.935 D_mean=0.952 *SAVED* [41.0m]
  ep 29 D_eyelid=0.960 D_iris=0.953 D_pupil=0.932 D_mean=0.948 p=1/20 [42.4m]
  ep 30 D_eyelid=0.964 D_iris=0.955 D_pupil=0.933 D_mean=0.951 p=2/20 [43.9m]
  ep 31 D_eyelid=0.963 D_iris=0.954 D_pupil=0.930 D_mean=0.949 p=3/20 [45.3m]
  ep 32 D_eyelid=0.965 D_iris=0.953 D_pupil=0.932 D_mean=0.950 p=4/20 [46.7m]
  ep 33 D_eyelid=0.965 D_iris=0.955 D_pupil=0.931 D_mean=0.951 p=5/20 [48.1m]
  ep 34 D_eyelid=0.966 D_iris=0.956 D_pupil=0.932 D_mean=0.951 p=6/20 [49.5m]
  ep 35 D_eyelid=0.967 D_iris=0.958 D_pupil=0.933 D_mean=0.953 *SAVED* [51.0m]
  ep 36 D_eyelid=0.967 D_iris=0.952 D_pupil=0.930 D_mean=0.950 p=1/20 [52.4m]
  ep 37 D_eyelid=0.968 D_iris=0.958 D_pupil=0.936 D_mean=0.954 *SAVED* [53.8m]
  ep 38 D_eyelid=0.968 D_iris=0.956 D_pupil=0.936 D_mean=0.953 p=1/20 [55.2m]
  ep 39 D_eyelid=0.967 D_iris=0.958 D_pupil=0.938 D_mean=0.954 *SAVED* [56.7m]
  ep 40 D_eyelid=0.968 D_iris=0.957 D_pupil=0.926 D_mean=0.951 p=1/20 [58.1m]
  ep 41 D_eyelid=0.969 D_iris=0.958 D_pupil=0.932 D_mean=0.953 p=2/20 [59.5m]
  ep 42 D_eyelid=0.968 D_iris=0.956 D_pupil=0.938 D_mean=0.954 p=3/20 [60.9m]
  ep 43 D_eyelid=0.969 D_iris=0.953 D_pupil=0.935 D_mean=0.952 p=4/20 [62.4m]
  ep 44 D_eyelid=0.968 D_iris=0.955 D_pupil=0.933 D_mean=0.952 p=5/20 [63.8m]
  ep 45 D_eyelid=0.969 D_iris=0.953 D_pupil=0.937 D_mean=0.953 p=6/20 [65.2m]
  ep 46 D_eyelid=0.968 D_iris=0.957 D_pupil=0.931 D_mean=0.952 p=7/20 [66.7m]
  ep 47 D_eyelid=0.968 D_iris=0.957 D_pupil=0.937 D_mean=0.954 p=8/20 [68.1m]
  ep 48 D_eyelid=0.968 D_iris=0.958 D_pupil=0.934 D_mean=0.953 p=9/20 [69.5m]
  ep 49 D_eyelid=0.968 D_iris=0.957 D_pupil=0.936 D_mean=0.954 p=10/20 [71.0m]
  ep 50 D_eyelid=0.968 D_iris=0.957 D_pupil=0.929 D_mean=0.951 p=11/20 [72.4m]
  ep 51 D_eyelid=0.968 D_iris=0.958 D_pupil=0.932 D_mean=0.952 p=12/20 [73.8m]
  ep 52 D_eyelid=0.970 D_iris=0.959 D_pupil=0.936 D_mean=0.955 *SAVED* [75.2m]
  ep 53 D_eyelid=0.967 D_iris=0.957 D_pupil=0.930 D_mean=0.952 p=1/20 [76.7m]
  ep 54 D_eyelid=0.969 D_iris=0.960 D_pupil=0.938 D_mean=0.956 *SAVED* [78.1m]
  ep 55 D_eyelid=0.969 D_iris=0.958 D_pupil=0.933 D_mean=0.953 p=1/20 [79.5m]
  ep 56 D_eyelid=0.970 D_iris=0.958 D_pupil=0.927 D_mean=0.952 p=2/20 [80.9m]
  ep 57 D_eyelid=0.968 D_iris=0.959 D_pupil=0.933 D_mean=0.953 p=3/20 [82.4m]
  ep 58 D_eyelid=0.969 D_iris=0.958 D_pupil=0.937 D_mean=0.955 p=4/20 [83.8m]
  ep 59 D_eyelid=0.969 D_iris=0.960 D_pupil=0.940 D_mean=0.957 *SAVED* [85.2m]
  ep 60 D_eyelid=0.970 D_iris=0.960 D_pupil=0.939 D_mean=0.957 *SAVED* [86.6m]
  ep 61 D_eyelid=0.970 D_iris=0.959 D_pupil=0.943 D_mean=0.958 *SAVED* [88.1m]
  ep 62 D_eyelid=0.971 D_iris=0.959 D_pupil=0.941 D_mean=0.957 p=1/20 [89.5m]
  ep 63 D_eyelid=0.972 D_iris=0.959 D_pupil=0.940 D_mean=0.957 p=2/20 [90.9m]
  ep 64 D_eyelid=0.971 D_iris=0.960 D_pupil=0.937 D_mean=0.956 p=3/20 [92.3m]
  ep 65 D_eyelid=0.971 D_iris=0.959 D_pupil=0.939 D_mean=0.956 p=4/20 [93.7m]
  ep 66 D_eyelid=0.971 D_iris=0.959 D_pupil=0.934 D_mean=0.955 p=5/20 [95.1m]
  ep 67 D_eyelid=0.971 D_iris=0.961 D_pupil=0.941 D_mean=0.958 *SAVED* [96.6m]
  ep 68 D_eyelid=0.970 D_iris=0.960 D_pupil=0.938 D_mean=0.956 p=1/20 [98.0m]
  ep 69 D_eyelid=0.971 D_iris=0.955 D_pupil=0.939 D_mean=0.955 p=2/20 [99.4m]
  ep 70 D_eyelid=0.970 D_iris=0.958 D_pupil=0.934 D_mean=0.954 p=3/20 [100.8m]
  ep 71 D_eyelid=0.971 D_iris=0.959 D_pupil=0.941 D_mean=0.957 p=4/20 [102.2m]
  ep 72 D_eyelid=0.972 D_iris=0.961 D_pupil=0.940 D_mean=0.958 *SAVED* [103.6m]
  ep 73 D_eyelid=0.971 D_iris=0.960 D_pupil=0.943 D_mean=0.958 *SAVED* [105.1m]
  ep 74 D_eyelid=0.972 D_iris=0.960 D_pupil=0.940 D_mean=0.957 p=1/20 [106.5m]
  ep 75 D_eyelid=0.974 D_iris=0.959 D_pupil=0.940 D_mean=0.957 p=2/20 [107.9m]
  ep 76 D_eyelid=0.972 D_iris=0.958 D_pupil=0.938 D_mean=0.956 p=3/20 [109.3m]
  ep 77 D_eyelid=0.973 D_iris=0.960 D_pupil=0.940 D_mean=0.958 p=4/20 [110.7m]
  ep 78 D_eyelid=0.972 D_iris=0.960 D_pupil=0.943 D_mean=0.958 *SAVED* [112.2m]
  ep 79 D_eyelid=0.972 D_iris=0.959 D_pupil=0.937 D_mean=0.956 p=1/20 [113.6m]
  ep 80 D_eyelid=0.971 D_iris=0.961 D_pupil=0.940 D_mean=0.957 p=2/20 [115.0m]
  ep 81 D_eyelid=0.972 D_iris=0.959 D_pupil=0.940 D_mean=0.957 p=3/20 [116.4m]
  ep 82 D_eyelid=0.973 D_iris=0.959 D_pupil=0.943 D_mean=0.958 *SAVED* [117.8m]
  ep 83 D_eyelid=0.973 D_iris=0.958 D_pupil=0.934 D_mean=0.955 p=1/20 [119.2m]
  ep 84 D_eyelid=0.973 D_iris=0.960 D_pupil=0.944 D_mean=0.959 *SAVED* [120.6m]
  ep 85 D_eyelid=0.971 D_iris=0.959 D_pupil=0.942 D_mean=0.957 p=1/20 [122.0m]
  ep 86 D_eyelid=0.973 D_iris=0.960 D_pupil=0.938 D_mean=0.957 p=2/20 [123.4m]
  ep 87 D_eyelid=0.973 D_iris=0.960 D_pupil=0.938 D_mean=0.957 p=3/20 [124.9m]
  ep 88 D_eyelid=0.973 D_iris=0.960 D_pupil=0.945 D_mean=0.959 *SAVED* [126.3m]
  ep 89 D_eyelid=0.973 D_iris=0.961 D_pupil=0.937 D_mean=0.957 p=1/20 [127.7m]
  ep 90 D_eyelid=0.972 D_iris=0.962 D_pupil=0.942 D_mean=0.959 p=2/20 [129.1m]
  ep 91 D_eyelid=0.974 D_iris=0.960 D_pupil=0.939 D_mean=0.958 p=3/20 [130.5m]
  ep 92 D_eyelid=0.973 D_iris=0.958 D_pupil=0.935 D_mean=0.955 p=4/20 [131.9m]
  ep 93 D_eyelid=0.973 D_iris=0.961 D_pupil=0.941 D_mean=0.958 p=5/20 [133.3m]
  ep 94 D_eyelid=0.973 D_iris=0.956 D_pupil=0.938 D_mean=0.956 p=6/20 [134.7m]
  ep 95 D_eyelid=0.974 D_iris=0.960 D_pupil=0.941 D_mean=0.958 p=7/20 [136.1m]
  ep 96 D_eyelid=0.974 D_iris=0.960 D_pupil=0.942 D_mean=0.958 p=8/20 [137.6m]
  ep 97 D_eyelid=0.974 D_iris=0.960 D_pupil=0.940 D_mean=0.958 p=9/20 [139.0m]
  ep 98 D_eyelid=0.974 D_iris=0.963 D_pupil=0.936 D_mean=0.958 p=10/20 [140.4m]
  ep 99 D_eyelid=0.974 D_iris=0.959 D_pupil=0.943 D_mean=0.959 p=11/20 [141.8m]
  ep100 D_eyelid=0.973 D_iris=0.963 D_pupil=0.940 D_mean=0.959 p=12/20 [143.2m]
  ep101 D_eyelid=0.974 D_iris=0.959 D_pupil=0.941 D_mean=0.958 p=13/20 [144.7m]
  ep102 D_eyelid=0.973 D_iris=0.963 D_pupil=0.944 D_mean=0.960 *SAVED* [146.1m]
  ep103 D_eyelid=0.974 D_iris=0.962 D_pupil=0.940 D_mean=0.959 p=1/20 [147.5m]
  ep104 D_eyelid=0.974 D_iris=0.962 D_pupil=0.941 D_mean=0.959 p=2/20 [148.9m]
  ep105 D_eyelid=0.974 D_iris=0.961 D_pupil=0.940 D_mean=0.958 p=3/20 [150.3m]
  ep106 D_eyelid=0.973 D_iris=0.963 D_pupil=0.937 D_mean=0.958 p=4/20 [151.7m]
  ep107 D_eyelid=0.973 D_iris=0.962 D_pupil=0.943 D_mean=0.960 p=5/20 [153.1m]
  ep108 D_eyelid=0.972 D_iris=0.959 D_pupil=0.941 D_mean=0.957 p=6/20 [154.6m]
  ep109 D_eyelid=0.975 D_iris=0.962 D_pupil=0.939 D_mean=0.959 p=7/20 [156.0m]
  ep110 D_eyelid=0.974 D_iris=0.961 D_pupil=0.934 D_mean=0.957 p=8/20 [157.4m]
  ep111 D_eyelid=0.973 D_iris=0.958 D_pupil=0.941 D_mean=0.957 p=9/20 [158.8m]
  ep112 D_eyelid=0.974 D_iris=0.962 D_pupil=0.944 D_mean=0.960 p=10/20 [160.2m]
  ep113 D_eyelid=0.974 D_iris=0.963 D_pupil=0.943 D_mean=0.960 *SAVED* [161.7m]
  ep114 D_eyelid=0.974 D_iris=0.962 D_pupil=0.941 D_mean=0.959 p=1/20 [163.1m]
  ep115 D_eyelid=0.974 D_iris=0.962 D_pupil=0.933 D_mean=0.956 p=2/20 [164.5m]
  ep116 D_eyelid=0.975 D_iris=0.963 D_pupil=0.942 D_mean=0.960 p=3/20 [165.9m]
  ep117 D_eyelid=0.974 D_iris=0.961 D_pupil=0.943 D_mean=0.959 p=4/20 [167.3m]
  ep118 D_eyelid=0.974 D_iris=0.962 D_pupil=0.939 D_mean=0.958 p=5/20 [168.7m]
  ep119 D_eyelid=0.974 D_iris=0.963 D_pupil=0.943 D_mean=0.960 p=6/20 [170.1m]
  ep120 D_eyelid=0.973 D_iris=0.962 D_pupil=0.943 D_mean=0.959 p=7/20 [171.5m]
  ep121 D_eyelid=0.974 D_iris=0.962 D_pupil=0.940 D_mean=0.959 p=8/20 [173.0m]
  ep122 D_eyelid=0.974 D_iris=0.960 D_pupil=0.944 D_mean=0.959 p=9/20 [174.4m]
  ep123 D_eyelid=0.974 D_iris=0.960 D_pupil=0.941 D_mean=0.959 p=10/20 [175.8m]
  ep124 D_eyelid=0.975 D_iris=0.962 D_pupil=0.934 D_mean=0.957 p=11/20 [177.2m]
  ep125 D_eyelid=0.974 D_iris=0.963 D_pupil=0.937 D_mean=0.958 p=12/20 [178.6m]
  ep126 D_eyelid=0.974 D_iris=0.962 D_pupil=0.942 D_mean=0.959 p=13/20 [180.0m]
  ep127 D_eyelid=0.974 D_iris=0.962 D_pupil=0.938 D_mean=0.958 p=14/20 [181.4m]
  ep128 D_eyelid=0.975 D_iris=0.962 D_pupil=0.942 D_mean=0.959 p=15/20 [182.8m]
  ep129 D_eyelid=0.975 D_iris=0.962 D_pupil=0.934 D_mean=0.957 p=16/20 [184.3m]
  ep130 D_eyelid=0.975 D_iris=0.962 D_pupil=0.934 D_mean=0.957 p=17/20 [185.7m]
  ep131 D_eyelid=0.974 D_iris=0.963 D_pupil=0.942 D_mean=0.960 p=18/20 [187.1m]
  ep132 D_eyelid=0.974 D_iris=0.963 D_pupil=0.945 D_mean=0.961 *SAVED* [188.5m]
  ep133 D_eyelid=0.974 D_iris=0.963 D_pupil=0.939 D_mean=0.959 p=1/20 [189.9m]
  ep134 D_eyelid=0.975 D_iris=0.961 D_pupil=0.941 D_mean=0.959 p=2/20 [191.3m]
  ep135 D_eyelid=0.974 D_iris=0.964 D_pupil=0.945 D_mean=0.961 *SAVED* [192.8m]
  ep136 D_eyelid=0.972 D_iris=0.962 D_pupil=0.940 D_mean=0.958 p=1/20 [194.2m]
  ep137 D_eyelid=0.975 D_iris=0.964 D_pupil=0.940 D_mean=0.959 p=2/20 [195.7m]
  ep138 D_eyelid=0.973 D_iris=0.963 D_pupil=0.941 D_mean=0.959 p=3/20 [197.1m]
  ep139 D_eyelid=0.975 D_iris=0.963 D_pupil=0.934 D_mean=0.957 p=4/20 [198.5m]
  ep140 D_eyelid=0.975 D_iris=0.962 D_pupil=0.942 D_mean=0.960 p=5/20 [200.0m]
  ep141 D_eyelid=0.975 D_iris=0.963 D_pupil=0.940 D_mean=0.959 p=6/20 [201.4m]
  ep142 D_eyelid=0.975 D_iris=0.963 D_pupil=0.939 D_mean=0.959 p=7/20 [202.9m]
  ep143 D_eyelid=0.976 D_iris=0.963 D_pupil=0.934 D_mean=0.958 p=8/20 [204.3m]
  ep144 D_eyelid=0.975 D_iris=0.962 D_pupil=0.938 D_mean=0.958 p=9/20 [205.7m]
  ep145 D_eyelid=0.975 D_iris=0.963 D_pupil=0.936 D_mean=0.958 p=10/20 [207.2m]
  ep146 D_eyelid=0.974 D_iris=0.964 D_pupil=0.936 D_mean=0.958 p=11/20 [208.6m]
  ep147 D_eyelid=0.974 D_iris=0.964 D_pupil=0.933 D_mean=0.957 p=12/20 [210.1m]
  ep148 D_eyelid=0.974 D_iris=0.963 D_pupil=0.941 D_mean=0.959 p=13/20 [211.5m]
  ep149 D_eyelid=0.975 D_iris=0.964 D_pupil=0.940 D_mean=0.959 p=14/20 [213.0m]
  ep150 D_eyelid=0.975 D_iris=0.964 D_pupil=0.939 D_mean=0.959 p=15/20 [214.4m]
  ep151 D_eyelid=0.975 D_iris=0.964 D_pupil=0.945 D_mean=0.961 *SAVED* [215.9m]
  ep152 D_eyelid=0.975 D_iris=0.964 D_pupil=0.943 D_mean=0.961 p=1/20 [217.3m]
  ep153 D_eyelid=0.975 D_iris=0.964 D_pupil=0.942 D_mean=0.960 p=2/20 [218.7m]
  ep154 D_eyelid=0.976 D_iris=0.964 D_pupil=0.943 D_mean=0.961 p=3/20 [220.2m]
  ep155 D_eyelid=0.974 D_iris=0.965 D_pupil=0.941 D_mean=0.960 p=4/20 [221.6m]
  ep156 D_eyelid=0.975 D_iris=0.965 D_pupil=0.942 D_mean=0.960 p=5/20 [223.1m]
  ep157 D_eyelid=0.975 D_iris=0.964 D_pupil=0.946 D_mean=0.961 *SAVED* [224.5m]
  ep158 D_eyelid=0.976 D_iris=0.964 D_pupil=0.943 D_mean=0.961 p=1/20 [226.0m]
  ep159 D_eyelid=0.974 D_iris=0.963 D_pupil=0.942 D_mean=0.960 p=2/20 [227.4m]
  ep160 D_eyelid=0.974 D_iris=0.964 D_pupil=0.943 D_mean=0.960 p=3/20 [228.9m]
  ep161 D_eyelid=0.975 D_iris=0.965 D_pupil=0.941 D_mean=0.960 p=4/20 [230.3m]
  ep162 D_eyelid=0.976 D_iris=0.962 D_pupil=0.939 D_mean=0.959 p=5/20 [231.8m]
  ep163 D_eyelid=0.976 D_iris=0.965 D_pupil=0.947 D_mean=0.962 *SAVED* [233.2m]
  ep164 D_eyelid=0.975 D_iris=0.964 D_pupil=0.944 D_mean=0.961 p=1/20 [234.7m]
  ep165 D_eyelid=0.976 D_iris=0.965 D_pupil=0.942 D_mean=0.961 p=2/20 [236.2m]
  ep166 D_eyelid=0.977 D_iris=0.963 D_pupil=0.941 D_mean=0.960 p=3/20 [237.6m]
  ep167 D_eyelid=0.976 D_iris=0.964 D_pupil=0.942 D_mean=0.960 p=4/20 [239.1m]
  ep168 D_eyelid=0.976 D_iris=0.964 D_pupil=0.945 D_mean=0.962 p=5/20 [240.5m]
  ep169 D_eyelid=0.976 D_iris=0.964 D_pupil=0.940 D_mean=0.960 p=6/20 [242.0m]
  ep170 D_eyelid=0.975 D_iris=0.964 D_pupil=0.941 D_mean=0.960 p=7/20 [243.4m]
  ep171 D_eyelid=0.974 D_iris=0.965 D_pupil=0.942 D_mean=0.960 p=8/20 [244.9m]
  ep172 D_eyelid=0.976 D_iris=0.963 D_pupil=0.940 D_mean=0.960 p=9/20 [246.3m]
  ep173 D_eyelid=0.976 D_iris=0.963 D_pupil=0.941 D_mean=0.960 p=10/20 [247.7m]
  ep174 D_eyelid=0.976 D_iris=0.963 D_pupil=0.942 D_mean=0.960 p=11/20 [249.2m]
  ep175 D_eyelid=0.976 D_iris=0.962 D_pupil=0.943 D_mean=0.960 p=12/20 [250.7m]
  ep176 D_eyelid=0.976 D_iris=0.964 D_pupil=0.940 D_mean=0.960 p=13/20 [252.1m]
  ep177 D_eyelid=0.975 D_iris=0.965 D_pupil=0.943 D_mean=0.961 p=14/20 [253.5m]
  ep178 D_eyelid=0.975 D_iris=0.965 D_pupil=0.942 D_mean=0.961 p=15/20 [255.0m]
  ep179 D_eyelid=0.976 D_iris=0.962 D_pupil=0.944 D_mean=0.961 p=16/20 [256.4m]
  ep180 D_eyelid=0.977 D_iris=0.965 D_pupil=0.943 D_mean=0.961 p=17/20 [257.9m]
  ep181 D_eyelid=0.976 D_iris=0.963 D_pupil=0.941 D_mean=0.960 p=18/20 [259.3m]
  ep182 D_eyelid=0.975 D_iris=0.964 D_pupil=0.943 D_mean=0.960 p=19/20 [260.7m]
  ep183 D_eyelid=0.976 D_iris=0.965 D_pupil=0.944 D_mean=0.962 p=20/20 [262.1m]
  early stop (best ep163 mean=0.962)
[subset 2000] DONE best_mean=0.9623 @ep163 -> outputs\models\seg2000.pth
===== TRAIN seg2500 Tue Jun 16 18:41:47     2026 =====
C:\Users\CorneAI\Eyelid_HITL_experiment\.venv\Lib\site-packages\transformers\image_processing_base.py:417: UserWarning: The following named arguments are not valid for `SegformerImageProcessor.__init__` and were ignored: 'feature_extractor_type', 'reduce_labels'
  image_processor = cls(**image_processor_dict)
[subset 2500] images=2494 train=2048 val=446 subjects=157 (val 31) device=cuda
Some weights of SegformerForSemanticSegmentation were not initialized from the model checkpoint at nvidia/segformer-b1-finetuned-ade-512-512 and are newly initialized because the shapes did not match:
- decode_head.classifier.weight: found shape torch.Size([150, 256, 1, 1]) in the checkpoint and torch.Size([3, 256, 1, 1]) in the model instantiated
- decode_head.classifier.bias: found shape torch.Size([150]) in the checkpoint and torch.Size([3]) in the model instantiated
You should probably TRAIN this model on a down-stream task to be able to use it for predictions and inference.
  ep  1 D_eyelid=0.823 D_iris=0.625 D_pupil=0.574 D_mean=0.674 *SAVED* [2.0m]
  ep  2 D_eyelid=0.884 D_iris=0.822 D_pupil=0.799 D_mean=0.835 *SAVED* [3.8m]
  ep  3 D_eyelid=0.909 D_iris=0.886 D_pupil=0.831 D_mean=0.875 *SAVED* [5.6m]
  ep  4 D_eyelid=0.924 D_iris=0.917 D_pupil=0.888 D_mean=0.910 *SAVED* [7.4m]
  ep  5 D_eyelid=0.933 D_iris=0.922 D_pupil=0.900 D_mean=0.918 *SAVED* [9.2m]
  ep  6 D_eyelid=0.940 D_iris=0.912 D_pupil=0.900 D_mean=0.917 p=1/20 [11.1m]
  ep  7 D_eyelid=0.945 D_iris=0.935 D_pupil=0.908 D_mean=0.930 *SAVED* [12.9m]
  ep  8 D_eyelid=0.949 D_iris=0.943 D_pupil=0.910 D_mean=0.934 *SAVED* [14.7m]
  ep  9 D_eyelid=0.953 D_iris=0.941 D_pupil=0.912 D_mean=0.936 *SAVED* [16.5m]
  ep 10 D_eyelid=0.953 D_iris=0.941 D_pupil=0.918 D_mean=0.937 *SAVED* [18.4m]
  ep 11 D_eyelid=0.952 D_iris=0.943 D_pupil=0.916 D_mean=0.937 p=1/20 [20.2m]
  ep 12 D_eyelid=0.958 D_iris=0.950 D_pupil=0.916 D_mean=0.941 *SAVED* [22.1m]
  ep 13 D_eyelid=0.957 D_iris=0.944 D_pupil=0.919 D_mean=0.940 p=1/20 [23.9m]
  ep 14 D_eyelid=0.960 D_iris=0.945 D_pupil=0.922 D_mean=0.942 *SAVED* [25.8m]
  ep 15 D_eyelid=0.961 D_iris=0.951 D_pupil=0.921 D_mean=0.944 *SAVED* [27.6m]
  ep 16 D_eyelid=0.959 D_iris=0.948 D_pupil=0.914 D_mean=0.940 p=1/20 [29.4m]
  ep 17 D_eyelid=0.962 D_iris=0.950 D_pupil=0.922 D_mean=0.945 *SAVED* [31.3m]
  ep 18 D_eyelid=0.961 D_iris=0.948 D_pupil=0.921 D_mean=0.943 p=1/20 [33.1m]
  ep 19 D_eyelid=0.963 D_iris=0.951 D_pupil=0.923 D_mean=0.946 *SAVED* [35.0m]
  ep 20 D_eyelid=0.964 D_iris=0.952 D_pupil=0.927 D_mean=0.948 *SAVED* [36.8m]
  ep 21 D_eyelid=0.963 D_iris=0.951 D_pupil=0.920 D_mean=0.945 p=1/20 [38.6m]
  ep 22 D_eyelid=0.966 D_iris=0.954 D_pupil=0.915 D_mean=0.945 p=2/20 [40.5m]
  ep 23 D_eyelid=0.963 D_iris=0.941 D_pupil=0.919 D_mean=0.941 p=3/20 [42.3m]
  ep 24 D_eyelid=0.966 D_iris=0.956 D_pupil=0.925 D_mean=0.949 *SAVED* [44.1m]
  ep 25 D_eyelid=0.964 D_iris=0.954 D_pupil=0.921 D_mean=0.946 p=1/20 [46.0m]
  ep 26 D_eyelid=0.966 D_iris=0.955 D_pupil=0.923 D_mean=0.948 p=2/20 [47.8m]
  ep 27 D_eyelid=0.966 D_iris=0.958 D_pupil=0.924 D_mean=0.949 *SAVED* [49.6m]
  ep 28 D_eyelid=0.969 D_iris=0.958 D_pupil=0.927 D_mean=0.951 *SAVED* [51.5m]
  ep 29 D_eyelid=0.966 D_iris=0.956 D_pupil=0.929 D_mean=0.950 p=1/20 [53.3m]
  ep 30 D_eyelid=0.969 D_iris=0.952 D_pupil=0.921 D_mean=0.947 p=2/20 [55.2m]
  ep 31 D_eyelid=0.968 D_iris=0.958 D_pupil=0.924 D_mean=0.950 p=3/20 [57.0m]
  ep 32 D_eyelid=0.966 D_iris=0.955 D_pupil=0.925 D_mean=0.949 p=4/20 [58.8m]
  ep 33 D_eyelid=0.968 D_iris=0.961 D_pupil=0.930 D_mean=0.953 *SAVED* [60.7m]
  ep 34 D_eyelid=0.968 D_iris=0.957 D_pupil=0.928 D_mean=0.951 p=1/20 [62.5m]
  ep 35 D_eyelid=0.970 D_iris=0.959 D_pupil=0.926 D_mean=0.952 p=2/20 [64.3m]
  ep 36 D_eyelid=0.970 D_iris=0.958 D_pupil=0.931 D_mean=0.953 p=3/20 [66.1m]
  ep 37 D_eyelid=0.967 D_iris=0.958 D_pupil=0.906 D_mean=0.944 p=4/20 [68.0m]
  ep 38 D_eyelid=0.969 D_iris=0.956 D_pupil=0.927 D_mean=0.951 p=5/20 [69.8m]
  ep 39 D_eyelid=0.967 D_iris=0.957 D_pupil=0.930 D_mean=0.951 p=6/20 [71.7m]
  ep 40 D_eyelid=0.968 D_iris=0.958 D_pupil=0.927 D_mean=0.951 p=7/20 [73.5m]
  ep 41 D_eyelid=0.969 D_iris=0.959 D_pupil=0.930 D_mean=0.953 p=8/20 [75.3m]
  ep 42 D_eyelid=0.969 D_iris=0.957 D_pupil=0.928 D_mean=0.951 p=9/20 [77.1m]
  ep 43 D_eyelid=0.969 D_iris=0.958 D_pupil=0.926 D_mean=0.951 p=10/20 [79.0m]
  ep 44 D_eyelid=0.970 D_iris=0.956 D_pupil=0.935 D_mean=0.953 *SAVED* [80.8m]
  ep 45 D_eyelid=0.970 D_iris=0.961 D_pupil=0.935 D_mean=0.955 *SAVED* [82.6m]
  ep 46 D_eyelid=0.970 D_iris=0.958 D_pupil=0.929 D_mean=0.953 p=1/20 [84.5m]
  ep 47 D_eyelid=0.971 D_iris=0.961 D_pupil=0.932 D_mean=0.955 p=2/20 [86.3m]
  ep 48 D_eyelid=0.970 D_iris=0.960 D_pupil=0.926 D_mean=0.952 p=3/20 [88.2m]
  ep 49 D_eyelid=0.970 D_iris=0.962 D_pupil=0.934 D_mean=0.955 p=4/20 [90.0m]
  ep 50 D_eyelid=0.972 D_iris=0.961 D_pupil=0.936 D_mean=0.956 *SAVED* [91.8m]
  ep 51 D_eyelid=0.971 D_iris=0.960 D_pupil=0.928 D_mean=0.953 p=1/20 [93.7m]
  ep 52 D_eyelid=0.971 D_iris=0.960 D_pupil=0.926 D_mean=0.952 p=2/20 [95.5m]
  ep 53 D_eyelid=0.970 D_iris=0.956 D_pupil=0.929 D_mean=0.952 p=3/20 [97.4m]
  ep 54 D_eyelid=0.972 D_iris=0.962 D_pupil=0.935 D_mean=0.956 p=4/20 [99.3m]
  ep 55 D_eyelid=0.970 D_iris=0.958 D_pupil=0.935 D_mean=0.954 p=5/20 [101.2m]
  ep 56 D_eyelid=0.971 D_iris=0.959 D_pupil=0.933 D_mean=0.954 p=6/20 [103.1m]
  ep 57 D_eyelid=0.972 D_iris=0.961 D_pupil=0.930 D_mean=0.955 p=7/20 [105.0m]
  ep 58 D_eyelid=0.973 D_iris=0.964 D_pupil=0.940 D_mean=0.959 *SAVED* [106.9m]
  ep 59 D_eyelid=0.973 D_iris=0.963 D_pupil=0.933 D_mean=0.956 p=1/20 [108.8m]
  ep 60 D_eyelid=0.973 D_iris=0.963 D_pupil=0.938 D_mean=0.958 p=2/20 [110.7m]
  ep 61 D_eyelid=0.970 D_iris=0.959 D_pupil=0.927 D_mean=0.952 p=3/20 [112.5m]
  ep 62 D_eyelid=0.972 D_iris=0.964 D_pupil=0.939 D_mean=0.958 p=4/20 [114.4m]
  ep 63 D_eyelid=0.973 D_iris=0.962 D_pupil=0.933 D_mean=0.956 p=5/20 [116.2m]
  ep 64 D_eyelid=0.973 D_iris=0.962 D_pupil=0.934 D_mean=0.956 p=6/20 [118.1m]
  ep 65 D_eyelid=0.973 D_iris=0.963 D_pupil=0.931 D_mean=0.956 p=7/20 [119.9m]
  ep 66 D_eyelid=0.973 D_iris=0.962 D_pupil=0.933 D_mean=0.956 p=8/20 [121.8m]
  ep 67 D_eyelid=0.972 D_iris=0.963 D_pupil=0.933 D_mean=0.956 p=9/20 [123.6m]
  ep 68 D_eyelid=0.971 D_iris=0.964 D_pupil=0.936 D_mean=0.957 p=10/20 [125.4m]
  ep 69 D_eyelid=0.973 D_iris=0.963 D_pupil=0.931 D_mean=0.955 p=11/20 [127.3m]
  ep 70 D_eyelid=0.973 D_iris=0.964 D_pupil=0.939 D_mean=0.959 p=12/20 [129.2m]
  ep 71 D_eyelid=0.973 D_iris=0.962 D_pupil=0.934 D_mean=0.956 p=13/20 [131.1m]
  ep 72 D_eyelid=0.972 D_iris=0.965 D_pupil=0.936 D_mean=0.958 p=14/20 [133.0m]
  ep 73 D_eyelid=0.974 D_iris=0.964 D_pupil=0.934 D_mean=0.957 p=15/20 [134.9m]
  ep 74 D_eyelid=0.974 D_iris=0.963 D_pupil=0.936 D_mean=0.958 p=16/20 [136.8m]
  ep 75 D_eyelid=0.974 D_iris=0.964 D_pupil=0.934 D_mean=0.957 p=17/20 [138.7m]
  ep 76 D_eyelid=0.974 D_iris=0.963 D_pupil=0.928 D_mean=0.955 p=18/20 [140.6m]
  ep 77 D_eyelid=0.972 D_iris=0.963 D_pupil=0.931 D_mean=0.955 p=19/20 [142.5m]
  ep 78 D_eyelid=0.972 D_iris=0.964 D_pupil=0.932 D_mean=0.956 p=20/20 [144.3m]
  early stop (best ep58 mean=0.959)
[subset 2500] DONE best_mean=0.9589 @ep58 -> outputs\models\seg2500.pth
===== ALL DONE Tue Jun 16 21:06:20     2026 =====
